Component: Arm Compiler for Embedded 6.19 Tool: armlink [5e73cb00]

==============================================================================

Section Cross References

    lab_timer_inputcaputre_ultrasonic.o(.text.main) refers to lab_timer_inputcaputre_ultrasonic.o(.text.setup) for setup
    lab_timer_inputcaputre_ultrasonic.o(.text.main) refers to lab_timer_inputcaputre_ultrasonic.o(.bss.timeInterval) for timeInterval
    lab_timer_inputcaputre_ultrasonic.o(.text.main) refers to f2d.o(x$fpl$f2d) for __aeabi_f2d
    lab_timer_inputcaputre_ultrasonic.o(.text.main) refers to dmul.o(x$fpl$dmul) for __aeabi_dmul
    lab_timer_inputcaputre_ultrasonic.o(.text.main) refers to ddiv.o(x$fpl$ddiv) for __aeabi_ddiv
    lab_timer_inputcaputre_ultrasonic.o(.text.main) refers to d2f.o(x$fpl$d2f) for __aeabi_d2f
    lab_timer_inputcaputre_ultrasonic.o(.text.main) refers to lab_timer_inputcaputre_ultrasonic.o(.bss.distance) for distance
    lab_timer_inputcaputre_ultrasonic.o(.text.main) refers to lab_timer_inputcaputre_ultrasonic.o(.rodata.str1.1) for .L.str
    lab_timer_inputcaputre_ultrasonic.o(.text.main) refers to printf.o(.text) for printf
    lab_timer_inputcaputre_ultrasonic.o(.text.main) refers to ecsystick.o(.text.delay_ms) for delay_ms
    lab_timer_inputcaputre_ultrasonic.o(.ARM.exidx.text.main) refers to lab_timer_inputcaputre_ultrasonic.o(.text.main) for [Anonymous Symbol]
    lab_timer_inputcaputre_ultrasonic.o(.text.setup) refers to ecrcc.o(.text.RCC_PLL_init) for RCC_PLL_init
    lab_timer_inputcaputre_ultrasonic.o(.text.setup) refers to ecsystick.o(.text.SysTick_init) for SysTick_init
    lab_timer_inputcaputre_ultrasonic.o(.text.setup) refers to ecuart_simple.o(.text.UART2_init) for UART2_init
    lab_timer_inputcaputre_ultrasonic.o(.text.setup) refers to ecpwm.o(.text.PWM_init) for PWM_init
    lab_timer_inputcaputre_ultrasonic.o(.text.setup) refers to ecpwm.o(.text.PWM_period_ms) for PWM_period_ms
    lab_timer_inputcaputre_ultrasonic.o(.text.setup) refers to ecpwm.o(.text.PWM_pulsewidth_us) for PWM_pulsewidth_us
    lab_timer_inputcaputre_ultrasonic.o(.text.setup) refers to ecicap.o(.text.ICAP_init) for ICAP_init
    lab_timer_inputcaputre_ultrasonic.o(.text.setup) refers to ecicap.o(.text.ICAP_counter_us) for ICAP_counter_us
    lab_timer_inputcaputre_ultrasonic.o(.text.setup) refers to ecicap.o(.text.ICAP_setup) for ICAP_setup
    lab_timer_inputcaputre_ultrasonic.o(.ARM.exidx.text.setup) refers to lab_timer_inputcaputre_ultrasonic.o(.text.setup) for [Anonymous Symbol]
    lab_timer_inputcaputre_ultrasonic.o(.text.TIM4_IRQHandler) refers to ectim.o(.text.is_UIF) for is_UIF
    lab_timer_inputcaputre_ultrasonic.o(.text.TIM4_IRQHandler) refers to lab_timer_inputcaputre_ultrasonic.o(.bss.ovf_cnt) for ovf_cnt
    lab_timer_inputcaputre_ultrasonic.o(.text.TIM4_IRQHandler) refers to ectim.o(.text.clear_UIF) for clear_UIF
    lab_timer_inputcaputre_ultrasonic.o(.text.TIM4_IRQHandler) refers to ecicap.o(.text.is_CCIF) for is_CCIF
    lab_timer_inputcaputre_ultrasonic.o(.text.TIM4_IRQHandler) refers to lab_timer_inputcaputre_ultrasonic.o(.bss.time1) for time1
    lab_timer_inputcaputre_ultrasonic.o(.text.TIM4_IRQHandler) refers to ecicap.o(.text.clear_CCIF) for clear_CCIF
    lab_timer_inputcaputre_ultrasonic.o(.text.TIM4_IRQHandler) refers to lab_timer_inputcaputre_ultrasonic.o(.bss.time2) for time2
    lab_timer_inputcaputre_ultrasonic.o(.text.TIM4_IRQHandler) refers to f2d.o(x$fpl$f2d) for __aeabi_f2d
    lab_timer_inputcaputre_ultrasonic.o(.text.TIM4_IRQHandler) refers to dmul.o(x$fpl$dmul) for __aeabi_dmul
    lab_timer_inputcaputre_ultrasonic.o(.text.TIM4_IRQHandler) refers to d2f.o(x$fpl$d2f) for __aeabi_d2f
    lab_timer_inputcaputre_ultrasonic.o(.text.TIM4_IRQHandler) refers to lab_timer_inputcaputre_ultrasonic.o(.bss.timeInterval) for timeInterval
    lab_timer_inputcaputre_ultrasonic.o(.ARM.exidx.text.TIM4_IRQHandler) refers to lab_timer_inputcaputre_ultrasonic.o(.text.TIM4_IRQHandler) for [Anonymous Symbol]
    ecgpio.o(.text.GPIO_init) refers to ecrcc.o(.text.RCC_GPIOA_enable) for RCC_GPIOA_enable
    ecgpio.o(.text.GPIO_init) refers to ecrcc.o(.text.RCC_GPIOB_enable) for RCC_GPIOB_enable
    ecgpio.o(.text.GPIO_init) refers to ecrcc.o(.text.RCC_GPIOC_enable) for RCC_GPIOC_enable
    ecgpio.o(.text.GPIO_init) refers to ecrcc.o(.text.RCC_GPIOD_enable) for RCC_GPIOD_enable
    ecgpio.o(.text.GPIO_init) refers to ecrcc.o(.text.RCC_GPIOE_enable) for RCC_GPIOE_enable
    ecgpio.o(.text.GPIO_init) refers to ecrcc.o(.text.RCC_GPIOH_enable) for RCC_GPIOH_enable
    ecgpio.o(.text.GPIO_init) refers to ecgpio.o(.text.GPIO_mode) for GPIO_mode
    ecgpio.o(.ARM.exidx.text.GPIO_init) refers to ecgpio.o(.text.GPIO_init) for [Anonymous Symbol]
    ecgpio.o(.ARM.exidx.text.GPIO_mode) refers to ecgpio.o(.text.GPIO_mode) for [Anonymous Symbol]
    ecgpio.o(.ARM.exidx.text.GPIO_ospeed) refers to ecgpio.o(.text.GPIO_ospeed) for [Anonymous Symbol]
[...]
    .ARM.Collect$$_printf_percent$$00000017  0x08000298   Section        4  _printf_percent_end.o(.ARM.Collect$$_printf_percent$$00000017)
    .ARM.Collect$$libinit$$00000000          0x0800029c   Section        2  libinit.o(.ARM.Collect$$libinit$$00000000)
    .ARM.Collect$$libinit$$00000001          0x0800029e   Section        4  libinit2.o(.ARM.Collect$$libinit$$00000001)
    .ARM.Collect$$libinit$$00000004          0x080002a2   Section        0  libinit2.o(.ARM.Collect$$libinit$$00000004)
    .ARM.Collect$$libinit$$00000006          0x080002a2   Section        0  libinit2.o(.ARM.Collect$$libinit$$00000006)
    .ARM.Collect$$libinit$$0000000C          0x080002a2   Section        0  libinit2.o(.ARM.Collect$$libinit$$0000000C)
    .ARM.Collect$$libinit$$0000000E          0x080002a2   Section        0  libinit2.o(.ARM.Collect$$libinit$$0000000E)
    .ARM.Collect$$libinit$$00000010          0x080002a2   Section        0  libinit2.o(.ARM.Collect$$libinit$$00000010)
    .ARM.Collect$$libinit$$00000011          0x080002a2   Section        6  libinit2.o(.ARM.Collect$$libinit$$00000011)
    .ARM.Collect$$libinit$$00000013          0x080002a8   Section        0  libinit2.o(.ARM.Collect$$libinit$$00000013)
    .ARM.Collect$$libinit$$00000014          0x080002a8   Section       12  libinit2.o(.ARM.Collect$$libinit$$00000014)
    .ARM.Collect$$libinit$$00000015          0x080002b4   Section        0  libinit2.o(.ARM.Collect$$libinit$$00000015)
    .ARM.Collect$$libinit$$00000017          0x080002b4   Section        0  libinit2.o(.ARM.Collect$$libinit$$00000017)
    .ARM.Collect$$libinit$$00000018          0x080002b4   Section       10  libinit2.o(.ARM.Collect$$libinit$$00000018)
    .ARM.Collect$$libinit$$00000019          0x080002be   Section        0  libinit2.o(.ARM.Collect$$libinit$$00000019)
    .ARM.Collect$$libinit$$0000001B          0x080002be   Section        0  libinit2.o(.ARM.Collect$$libinit$$0000001B)
    .ARM.Collect$$libinit$$0000001D          0x080002be   Section        0  libinit2.o(.ARM.Collect$$libinit$$0000001D)
    .ARM.Collect$$libinit$$0000001F          0x080002be   Section        0  libinit2.o(.ARM.Collect$$libinit$$0000001F)
    .ARM.Collect$$libinit$$00000021          0x080002be   Section        0  libinit2.o(.ARM.Collect$$libinit$$00000021)
    .ARM.Collect$$libinit$$00000023          0x080002be   Section        0  libinit2.o(.ARM.Collect$$libinit$$00000023)
    .ARM.Collect$$libinit$$00000025          0x080002be   Section        0  libinit2.o(.ARM.Collect$$libinit$$00000025)
    .ARM.Collect$$libinit$$00000027          0x080002be   Section        0  libinit2.o(.ARM.Collect$$libinit$$00000027)
    .ARM.Collect$$libinit$$0000002E          0x080002be   Section        0  libinit2.o(.ARM.Collect$$libinit$$0000002E)
    .ARM.Collect$$libinit$$00000030          0x080002be   Section        0  libinit2.o(.ARM.Collect$$libinit$$00000030)
    .ARM.Collect$$libinit$$00000032          0x080002be   Section        0  libinit2.o(.ARM.Collect$$libinit$$00000032)
    .ARM.Collect$$libinit$$00000034          0x080002be   Section        0  libinit2.o(.ARM.Collect$$libinit$$00000034)
    .ARM.Collect$$libinit$$00000035          0x080002be   Section        2  libinit2.o(.ARM.Collect$$libinit$$00000035)
    .ARM.Collect$$libshutdown$$00000000      0x080002c0   Section        2  libshutdown.o(.ARM.Collect$$libshutdown$$00000000)
    .ARM.Collect$$libshutdown$$00000002      0x080002c2   Section        0  libshutdown2.o(.ARM.Collect$$libshutdown$$00000002)
    .ARM.Collect$$libshutdown$$00000004      0x080002c2   Section        0  libshutdown2.o(.ARM.Collect$$libshutdown$$00000004)
    .ARM.Collect$$libshutdown$$00000007      0x080002c2   Section        0  libshutdown2.o(.ARM.Collect$$libshutdown$$00000007)
    .ARM.Collect$$libshutdown$$0000000A      0x080002c2   Section        0  libshutdown2.o(.ARM.Collect$$libshutdown$$0000000A)
    .ARM.Collect$$libshutdown$$0000000C      0x080002c2   Section        0  libshutdown2.o(.ARM.Collect$$libshutdown$$0000000C)
    .ARM.Collect$$libshutdown$$0000000F      0x080002c2   Section        0  libshutdown2.o(.ARM.Collect$$libshutdown$$0000000F)
    .ARM.Collect$$libshutdown$$00000010      0x080002c2   Section        2  libshutdown2.o(.ARM.Collect$$libshutdown$$00000010)
    .ARM.Collect$$rtentry$$00000000          0x080002c4   Section        0  __rtentry.o(.ARM.Collect$$rtentry$$00000000)
    .ARM.Collect$$rtentry$$00000002          0x080002c4   Section        0  __rtentry2.o(.ARM.Collect$$rtentry$$00000002)
    .ARM.Collect$$rtentry$$00000004          0x080002c4   Section        6  __rtentry4.o(.ARM.Collect$$rtentry$$00000004)
    .ARM.Collect$$rtentry$$00000009          0x080002ca   Section        0  __rtentry2.o(.ARM.Collect$$rtentry$$00000009)
    .ARM.Collect$$rtentry$$0000000A          0x080002ca   Section        4  __rtentry2.o(.ARM.Collect$$rtentry$$0000000A)
    .ARM.Collect$$rtentry$$0000000C          0x080002ce   Section        0  __rtentry2.o(.ARM.Collect$$rtentry$$0000000C)
    .ARM.Collect$$rtentry$$0000000D          0x080002ce   Section        8  __rtentry2.o(.ARM.Collect$$rtentry$$0000000D)
    .ARM.Collect$$rtexit$$00000000           0x080002d6   Section        2  rtexit.o(.ARM.Collect$$rtexit$$00000000)
    .ARM.Collect$$rtexit$$00000002           0x080002d8   Section        0  rtexit2.o(.ARM.Collect$$rtexit$$00000002)
    .ARM.Collect$$rtexit$$00000003           0x080002d8   Section        4  rtexit2.o(.ARM.Collect$$rtexit$$00000003)
    .ARM.Collect$$rtexit$$00000004           0x080002dc   Section        6  rtexit2.o(.ARM.Collect$$rtexit$$00000004)
    $v0                                      0x080002e4   Number         0  startup_stm32f411xe.o(.text)
    .text                                    0x080002e4   Section       64  startup_stm32f411xe.o(.text)
    .text                                    0x08000324   Section        0  printf.o(.text)
    .text                                    0x0800033c   Section        0  heapauxi.o(.text)
    .text                                    0x08000342   Section        0  _printf_pad.o(.text)
    .text                                    0x08000390   Section        0  _printf_truncate.o(.text)
    .text                                    0x080003b4   Section        0  _printf_str.o(.text)
    .text                                    0x08000408   Section        0  _printf_dec.o(.text)
    .text                                    0x08000480   Section        0  _printf_charcount.o(.text)
    .text                                    0x080004a8   Section        0  _printf_char_file.o(.text)
    .text                                    0x080004cc   Section        0  _printf_wctomb.o(.text)
    .text                                    0x08000588   Section        0  _printf_longlong_dec.o(.text)
    _printf_longlong_oct_internal            0x08000605   Thumb Code     0  _printf_oct_int_ll.o(.text)
    .text                                    0x08000604   Section        0  _printf_oct_int_ll.o(.text)
    _printf_hex_common                       0x08000675   Thumb Code     0  _printf_hex_int_ll_ptr.o(.text)
    .text                                    0x08000674   Section        0  _printf_hex_int_ll_ptr.o(.text)
    .text                                    0x08000708   Section        0  __printf_flags_ss_wp.o(.text)
    .text                                    0x08000890   Section      138  lludiv10.o(.text)
    .text                                    0x0800091a   Section        0  _printf_intcommon.o(.text)
    _fp_digits                               0x080009cd   Thumb Code   432  _printf_fp_dec.o(.text)
    .text                                    0x080009cc   Section        0  _printf_fp_dec.o(.text)
    .text                                    0x08000de8   Section        0  _printf_fp_hex.o(.text)
    _printf_input_char                       0x080010e5   Thumb Code    10  _printf_char_common.o(.text)
    .text                                    0x080010e4   Section        0  _printf_char_common.o(.text)
    .text                                    0x08001114   Section        0  _printf_char.o(.text)
    .text                                    0x08001140   Section        0  _printf_wchar.o(.text)
    .text                                    0x0800116c   Section        0  ferror.o(.text)
    .text                                    0x08001174   Section        0  _c16rtomb.o(.text)
    .text                                    0x080011bc   Section       74  sys_stackheap_outer.o(.text)
    .text                                    0x08001208   Section       16  rt_ctype_table.o(.text)
    .text                                    0x08001218   Section        8  rt_locale_intlibspace.o(.text)
    .text                                    0x08001220   Section        0  _printf_fp_infnan.o(.text)
    .text                                    0x080012a0   Section        0  bigflt0.o(.text)
    .text                                    0x08001384   Section        0  exit.o(.text)
    .text                                    0x08001398   Section        8  libspace.o(.text)
    .text                                    0x080013a0   Section      124  strcmpv7em.o(.text)
    .text                                    0x0800141c   Section        0  sys_exit.o(.text)
    .text                                    0x08001428   Section        2  use_no_semi.o(.text)
    .text                                    0x0800142a   Section        0  indicate_semi.o(.text)
    [Anonymous Symbol]                       0x0800142c   Section        0  ecgpio.o(.text.GPIO_init)
    [Anonymous Symbol]                       0x080014c8   Section        0  ecgpio.o(.text.GPIO_mode)
    [Anonymous Symbol]                       0x080014f8   Section        0  ecgpio.o(.text.GPIO_ospeed)
    [Anonymous Symbol]                       0x08001528   Section        0  ecicap.o(.text.ICAP_counter_us)
    [Anonymous Symbol]                       0x08001564   Section        0  ecicap.o(.text.ICAP_init)
    [Anonymous Symbol]                       0x08001724   Section        0  ecicap.o(.text.ICAP_pinmap)
    [Anonymous Symbol]                       0x08001940   Section        0  ecicap.o(.text.ICAP_setup)
    [Anonymous Symbol]                       0x08001b0c   Section        0  ecpwm.o(.text.PWM_init)
    [Anonymous Symbol]                       0x08001d10   Section        0  ecpwm.o(.text.PWM_period_ms)
    [Anonymous Symbol]                       0x08001d40   Section        0  ecpwm.o(.text.PWM_pinmap)
    [Anonymous Symbol]                       0x08001f5c   Section        0  ecpwm.o(.text.PWM_pulsewidth_us)
    [Anonymous Symbol]                       0x08002030   Section        0  ecrcc.o(.text.RCC_GPIOA_enable)
    [Anonymous Symbol]                       0x08002044   Section        0  ecrcc.o(.text.RCC_GPIOB_enable)
    [Anonymous Symbol]                       0x08002058   Section        0  ecrcc.o(.text.RCC_GPIOC_enable)
    [Anonymous Symbol]                       0x0800206c   Section        0  ecrcc.o(.text.RCC_GPIOD_enable)
    [Anonymous Symbol]                       0x08002080   Section        0  ecrcc.o(.text.RCC_GPIOE_enable)
    [Anonymous Symbol]                       0x08002094   Section        0  ecrcc.o(.text.RCC_GPIOH_enable)
    [Anonymous Symbol]                       0x080020a8   Section        0  ecrcc.o(.text.RCC_PLL_init)
    [Anonymous Symbol]                       0x080021bc   Section        0  ecsystick.o(.text.SysTick_Handler)
    [Anonymous Symbol]                       0x080021c4   Section        0  ecsystick.o(.text.SysTick_counter)
    [Anonymous Symbol]                       0x080021d4   Section        0  ecsystick.o(.text.SysTick_init)
    [Anonymous Symbol]                       0x08002230   Section        0  system_stm32f4xx.o(.text.SystemInit)
    [Anonymous Symbol]                       0x08002248   Section        0  lab_timer_inputcaputre_ultrasonic.o(.text.TIM4_IRQHandler)
    [Anonymous Symbol]                       0x08002370   Section        0  ectim.o(.text.TIM_UI_enable)
    [Anonymous Symbol]                       0x08002384   Section        0  ectim.o(.text.TIM_UI_init)
    [Anonymous Symbol]                       0x0800246c   Section        0  ectim.o(.text.TIM_init)
    [Anonymous Symbol]                       0x08002588   Section        0  ectim.o(.text.TIM_period_ms)
    [Anonymous Symbol]                       0x08002670   Section        0  ecuart_simple.o(.text.UART2_init)
    [Anonymous Symbol]                       0x0800281c   Section        0  ecuart_simple.o(.text.USART_delay)
    [Anonymous Symbol]                       0x08002850   Section        0  ecuart_simple.o(.text.USART_write)
    __NVIC_EnableIRQ                         0x080028b5   Thumb Code    48  ectim.o(.text.__NVIC_EnableIRQ)
    [Anonymous Symbol]                       0x080028b4   Section        0  ectim.o(.text.__NVIC_EnableIRQ)
    __NVIC_EnableIRQ                         0x080028e5   Thumb Code    48  ecuart_simple.o(.text.__NVIC_EnableIRQ)
    [Anonymous Symbol]                       0x080028e4   Section        0  ecuart_simple.o(.text.__NVIC_EnableIRQ)
    __NVIC_EnableIRQ                         0x08002915   Thumb Code    48  ecsystick.o(.text.__NVIC_EnableIRQ)
    [Anonymous Symbol]                       0x08002914   Section        0  ecsystick.o(.text.__NVIC_EnableIRQ)
    __NVIC_SetPriority                       0x08002945   Thumb Code    66  ectim.o(.text.__NVIC_SetPriority)
    [Anonymous Symbol]                       0x08002944   Section        0  ectim.o(.text.__NVIC_SetPriority)
    __NVIC_SetPriority                       0x08002989   Thumb Code    66  ecuart_simple.o(.text.__NVIC_SetPriority)
    [Anonymous Symbol]                       0x08002988   Section        0  ecuart_simple.o(.text.__NVIC_SetPriority)
    __NVIC_SetPriority                       0x080029cd   Thumb Code    66  ecsystick.o(.text.__NVIC_SetPriority)
    [Anonymous Symbol]                       0x080029cc   Section        0  ecsystick.o(.text.__NVIC_SetPriority)
    [Anonymous Symbol]                       0x08002a10   Section        0  ecicap.o(.text.clear_CCIF)
    [Anonymous Symbol]                       0x08002a2c   Section        0  ectim.o(.text.clear_UIF)
    [Anonymous Symbol]                       0x08002a40   Section        0  ecsystick.o(.text.delay_ms)
    [Anonymous Symbol]                       0x08002a7c   Section        0  ecpinnames.o(.text.ecPinmap)
    [Anonymous Symbol]                       0x08002b20   Section        0  ecuart_simple.o(.text.fputc)
    [Anonymous Symbol]                       0x08002b48   Section        0  ecicap.o(.text.is_CCIF)
    [Anonymous Symbol]                       0x08002b60   Section        0  ectim.o(.text.is_UIF)
    [Anonymous Symbol]                       0x08002b70   Section        0  lab_timer_inputcaputre_ultrasonic.o(.text.main)
    [Anonymous Symbol]                       0x08002c20   Section        0  lab_timer_inputcaputre_ultrasonic.o(.text.setup)
    CL$$btod_d2e                             0x08002c74   Section       62  btod.o(CL$$btod_d2e)
    CL$$btod_d2e_denorm_low                  0x08002cb2   Section       70  btod.o(CL$$btod_d2e_denorm_low)
    CL$$btod_d2e_norm_op1                    0x08002cf8   Section       96  btod.o(CL$$btod_d2e_norm_op1)
    CL$$btod_div_common                      0x08002d58   Section      824  btod.o(CL$$btod_div_common)
    CL$$btod_e2e                             0x08003090   Section      220  btod.o(CL$$btod_e2e)
    CL$$btod_ediv                            0x0800316c   Section       42  btod.o(CL$$btod_ediv)
    CL$$btod_emul                            0x08003196   Section       42  btod.o(CL$$btod_emul)
    CL$$btod_mult_common                     0x080031c0   Section      580  btod.o(CL$$btod_mult_common)
    i.__ARM_fpclassify                       0x08003404   Section        0  fpclassify.o(i.__ARM_fpclassify)
    i.__hardfp_round                         0x08003438   Section        0  round.o(i.__hardfp_round)
    i._is_digit                              0x08003518   Section        0  __printf_wp.o(i._is_digit)
    locale$$code                             0x08003528   Section       44  lc_numeric_c.o(locale$$code)
    locale$$code                             0x08003554   Section       44  lc_ctype_c.o(locale$$code)
    $v0                                      0x08003580   Number         0  d2f.o(x$fpl$d2f)
    x$fpl$d2f                                0x08003580   Section       98  d2f.o(x$fpl$d2f)
    $v0                                      0x080035e4   Number         0  daddsub_clz.o(x$fpl$dadd)
    x$fpl$dadd                               0x080035e4   Section      336  daddsub_clz.o(x$fpl$dadd)
    _dadd1                                   0x080035f5   Thumb Code     0  daddsub_clz.o(x$fpl$dadd)
    $v0                                      0x08003734   Number         0  dcmpi.o(x$fpl$dcmpinf)
    x$fpl$dcmpinf                            0x08003734   Section       24  dcmpi.o(x$fpl$dcmpinf)
    $v0                                      0x0800374c   Number         0  ddiv.o(x$fpl$ddiv)
    x$fpl$ddiv                               0x0800374c   Section      692  ddiv.o(x$fpl$ddiv)
    ddiv_entry                               0x08003753   Thumb Code     0  ddiv.o(x$fpl$ddiv)
    $v0                                      0x08003a00   Number         0  dfixu.o(x$fpl$dfixu)
    x$fpl$dfixu                              0x08003a00   Section       90  dfixu.o(x$fpl$dfixu)
    $v0                                      0x08003a5c   Number         0  dleqf.o(x$fpl$dleqf)
    x$fpl$dleqf                              0x08003a5c   Section      120  dleqf.o(x$fpl$dleqf)
    $v0                                      0x08003ad4   Number         0  dmul.o(x$fpl$dmul)
    x$fpl$dmul                               0x08003ad4   Section      340  dmul.o(x$fpl$dmul)
    $v0                                      0x08003c28   Number         0  dnaninf.o(x$fpl$dnaninf)
    x$fpl$dnaninf                            0x08003c28   Section      156  dnaninf.o(x$fpl$dnaninf)
    $v0                                      0x08003cc4   Number         0  dretinf.o(x$fpl$dretinf)
    x$fpl$dretinf                            0x08003cc4   Section       12  dretinf.o(x$fpl$dretinf)
    $v0                                      0x08003cd0   Number         0  drleqf.o(x$fpl$drleqf)
    x$fpl$drleqf                             0x08003cd0   Section      108  drleqf.o(x$fpl$drleqf)
    $v0                                      0x08003d3c   Number         0  drnd.o(x$fpl$drnd)
    x$fpl$drnd                               0x08003d3c   Section      180  drnd.o(x$fpl$drnd)
    $v0                                      0x08003df0   Number         0  daddsub_clz.o(x$fpl$dsub)
    x$fpl$dsub                               0x08003df0   Section      476  daddsub_clz.o(x$fpl$dsub)
    _dsub1                                   0x08003e01   Thumb Code     0  daddsub_clz.o(x$fpl$dsub)
    $v0                                      0x08003fcc   Number         0  f2d.o(x$fpl$f2d)
    x$fpl$f2d                                0x08003fcc   Section       86  f2d.o(x$fpl$f2d)
    $v0                                      0x08004022   Number         0  fnaninf.o(x$fpl$fnaninf)
    x$fpl$fnaninf                            0x08004022   Section      140  fnaninf.o(x$fpl$fnaninf)
    $v0                                      0x080040ae   Number         0  fpinit.o(x$fpl$fpinit)
    x$fpl$fpinit                             0x080040ae   Section       26  fpinit.o(x$fpl$fpinit)
    $v0                                      0x080040c8   Number         0  fretinf.o(x$fpl$fretinf)
    x$fpl$fretinf                            0x080040c8   Section       10  fretinf.o(x$fpl$fretinf)
    $v0                                      0x080040d2   Number         0  printf1.o(x$fpl$printf1)
    x$fpl$printf1                            0x080040d2   Section        4  printf1.o(x$fpl$printf1)
    $v0                                      0x080040d6   Number         0  printf2.o(x$fpl$printf2)
    x$fpl$printf2                            0x080040d6   Section        4  printf2.o(x$fpl$printf2)
    x$fpl$usenofp                            0x080040da   Section        0  usenofp.o(x$fpl$usenofp)
    initial_mbstate                          0x080040dc   Data           8  _printf_wctomb.o(.constdata)
    .constdata                               0x080040dc   Section        8  _printf_wctomb.o(.constdata)
    uc_hextab                                0x080040e4   Data          20  _printf_hex_int_ll_ptr.o(.constdata)
    .constdata                               0x080040e4   Section       40  _printf_hex_int_ll_ptr.o(.constdata)
    lc_hextab                                0x080040f8   Data          20  _printf_hex_int_ll_ptr.o(.constdata)
    maptable                                 0x0800410c   Data          17  __printf_flags_ss_wp.o(.constdata)
    .constdata                               0x0800410c   Section       17  __printf_flags_ss_wp.o(.constdata)
    lc_hextab                                0x0800411d   Data          19  _printf_fp_hex.o(.constdata)
    .constdata                               0x0800411d   Section       38  _printf_fp_hex.o(.constdata)
    uc_hextab                                0x08004130   Data          19  _printf_fp_hex.o(.constdata)
    tenpwrs_x                                0x08004144   Data          60  bigflt0.o(.constdata)
    .constdata                               0x08004144   Section      148  bigflt0.o(.constdata)
    tenpwrs_i                                0x08004180   Data          64  bigflt0.o(.constdata)
    .L.str                                   0x080041d8   Data           8  lab_timer_inputcaputre_ultrasonic.o(.rodata.str1.1)
    [Anonymous Symbol]                       0x080041d8   Section        0  lab_timer_inputcaputre_ultrasonic.o(.rodata.str1.1)
    locale$$data                             0x08004200   Section       28  lc_numeric_c.o(locale$$data)
    __lcnum_c_name                           0x08004204   Data           2  lc_numeric_c.o(locale$$data)
    __lcnum_c_start                          0x0800420c   Data           0  lc_numeric_c.o(locale$$data)
    __lcnum_c_point                          0x08004218   Data           0  lc_numeric_c.o(locale$$data)
    __lcnum_c_thousands                      0x0800421a   Data           0  lc_numeric_c.o(locale$$data)
    __lcnum_c_grouping                       0x0800421b   Data           0  lc_numeric_c.o(locale$$data)
    __lcnum_c_end                            0x0800421c   Data           0  lc_numeric_c.o(locale$$data)
    locale$$data                             0x0800421c   Section      272  lc_ctype_c.o(locale$$data)
    __lcctype_c_name                         0x08004220   Data           2  lc_ctype_c.o(locale$$data)
    __lcctype_c_start                        0x08004228   Data           0  lc_ctype_c.o(locale$$data)
    __lcctype_c_end                          0x0800432c   Data           0  lc_ctype_c.o(locale$$data)
    .bss                                     0x20000008   Section       96  libspace.o(.bss)
    Heap_Mem                                 0x20000088   Data         512  startup_stm32f411xe.o(HEAP)
    HEAP                                     0x20000088   Section      512  startup_stm32f411xe.o(HEAP)
    Stack_Mem                                0x20000288   Data        1024  startup_stm32f411xe.o(STACK)
    STACK                                    0x20000288   Section     1024  startup_stm32f411xe.o(STACK)
    __initial_sp                             0x20000688   Data           0  startup_stm32f411xe.o(STACK)

    Global Symbols

    Symbol Name                              Value     Ov Type        Size  Object(Section)

    BuildAttributes$$THM_ISAv4$E$P$D$K$B$S$7EM$VFPi3$EXTD16$VFPS$VFMA$PE$A:L22UL41UL21$X:L11$S22US41US21$IEEE1$IW$~IW$USESV6$~STKCKD$USESV7$~SHL$OTIME$ROPI$IEEEJ$EBA8$UX$STANDARDLIB$REQ8$PRES8$EABIv2 0x00000000   Number         0  anon$$obj.o ABSOLUTE
    _printf_flags                            0x00000000   Number         0  printf_stubs.o ABSOLUTE
    _printf_return_value                     0x00000000   Number         0  printf_stubs.o ABSOLUTE
    _printf_sizespec                         0x00000000   Number         0  printf_stubs.o ABSOLUTE
    _printf_widthprec                        0x00000000   Number         0  printf_stubs.o ABSOLUTE
    __ARM_exceptions_init                     - Undefined Weak Reference
    __alloca_initialize                       - Undefined Weak Reference
    __arm_preinit_                            - Undefined Weak Reference
    __arm_relocate_pie_                       - Undefined Weak Reference
    __cpp_initialize__aeabi_                  - Undefined Weak Reference
    __cxa_finalize                            - Undefined Weak Reference
    __sigvec_lookup                           - Undefined Weak Reference
    _atexit_init                              - Undefined Weak Reference
    _call_atexit_fns                          - Undefined Weak Reference
    _clock_init                               - Undefined Weak Reference
    _fp_trap_init                             - Undefined Weak Reference
    _fp_trap_shutdown                         - Undefined Weak Reference
    _get_lc_collate                           - Undefined Weak Reference
    _get_lc_monetary                          - Undefined Weak Reference
    _get_lc_time                              - Undefined Weak Reference
    _getenv_init                              - Undefined Weak Reference
    _handle_redirection                       - Undefined Weak Reference
    _init_alloc                               - Undefined Weak Reference
    _init_user_alloc                          - Undefined Weak Reference
    _initio                                   - Undefined Weak Reference
    _mutex_acquire                            - Undefined Weak Reference
    _mutex_release                            - Undefined Weak Reference
    _printf_mbtowc                            - Undefined Weak Reference
    _printf_wc                                - Undefined Weak Reference
    _rand_init                                - Undefined Weak Reference
    _signal_finish                            - Undefined Weak Reference
    _signal_init                              - Undefined Weak Reference
    _terminate_alloc                          - Undefined Weak Reference
    _terminate_user_alloc                     - Undefined Weak Reference
    _terminateio                              - Undefined Weak Reference
    __Vectors_Size                           0x00000198   Number         0  startup_stm32f411xe.o ABSOLUTE
    __Vectors                                0x08000000   Data           4  startup_stm32f411xe.o(RESET)
    __Vectors_End                            0x08000198   Data           0  startup_stm32f411xe.o(RESET)
    __main                                   0x08000199   Thumb Code     8  __main.o(!!!main)
    __scatterload                            0x080001a1   Thumb Code     0  __scatter.o(!!!scatter)
    __scatterload_rt2                        0x080001a1   Thumb Code    44  __scatter.o(!!!scatter)
    __scatterload_rt2_thumb_only             0x080001a1   Thumb Code     0  __scatter.o(!!!scatter)
    __scatterload_null                       0x080001af   Thumb Code     0  __scatter.o(!!!scatter)
    __scatterload_copy                       0x080001d5   Thumb Code    26  __scatter_copy.o(!!handler_copy)
    __scatterload_zeroinit                   0x080001f1   Thumb Code    28  __scatter_zi.o(!!handler_zi)
    _printf_n                                0x0800020d   Thumb Code     0  _printf_n.o(.ARM.Collect$$_printf_percent$$00000001)
    _printf_percent                          0x0800020d   Thumb Code     0  _printf_percent.o(.ARM.Collect$$_printf_percent$$00000000)
    _printf_p                                0x08000213   Thumb Code     0  _printf_p.o(.ARM.Collect$$_printf_percent$$00000002)
    _printf_f                                0x08000219   Thumb Code     0  _printf_f.o(.ARM.Collect$$_printf_percent$$00000003)
    _printf_e                                0x0800021f   Thumb Code     0  _printf_e.o(.ARM.Collect$$_printf_percent$$00000004)
    _printf_g                                0x08000225   Thumb Code     0  _printf_g.o(.ARM.Collect$$_printf_percent$$00000005)
    _printf_a                                0x0800022b   Thumb Code     0  _printf_a.o(.ARM.Collect$$_printf_percent$$00000006)
    _printf_ll                               0x08000231   Thumb Code     0  _printf_ll.o(.ARM.Collect$$_printf_percent$$00000007)
    _printf_i                                0x0800023b   Thumb Code     0  _printf_i.o(.ARM.Collect$$_printf_percent$$00000008)
    _printf_d                                0x08000241   Thumb Code     0  _printf_d.o(.ARM.Collect$$_printf_percent$$00000009)
    _printf_u                                0x08000247   Thumb Code     0  _printf_u.o(.ARM.Collect$$_printf_percent$$0000000A)
    _printf_o                                0x0800024d   Thumb Code     0  _printf_o.o(.ARM.Collect$$_printf_percent$$0000000B)
    _printf_x                                0x08000253   Thumb Code     0  _printf_x.o(.ARM.Collect$$_printf_percent$$0000000C)
    _printf_lli                              0x08000259   Thumb Code     0  _printf_lli.o(.ARM.Collect$$_printf_percent$$0000000D)
    _printf_lld                              0x0800025f   Thumb Code     0  _printf_lld.o(.ARM.Collect$$_printf_percent$$0000000E)
    _printf_llu                              0x08000265   Thumb Code     0  _printf_llu.o(.ARM.Collect$$_printf_percent$$0000000F)
    _printf_llo                              0x0800026b   Thumb Code     0  _printf_llo.o(.ARM.Collect$$_printf_percent$$00000010)
    _printf_llx                              0x08000271   Thumb Code     0  _printf_llx.o(.ARM.Collect$$_printf_percent$$00000011)
    _printf_l                                0x08000277   Thumb Code     0  _printf_l.o(.ARM.Collect$$_printf_percent$$00000012)
    _printf_c                                0x08000281   Thumb Code     0  _printf_c.o(.ARM.Collect$$_printf_percent$$00000013)
    _printf_s                                0x08000287   Thumb Code     0  _printf_s.o(.ARM.Collect$$_printf_percent$$00000014)
    _printf_lc                               0x0800028d   Thumb Code     0  _printf_lc.o(.ARM.Collect$$_printf_percent$$00000015)
    _printf_ls                               0x08000293   Thumb Code     0  _printf_ls.o(.ARM.Collect$$_printf_percent$$00000016)
    _printf_percent_end                      0x08000299   Thumb Code     0  _printf_percent_end.o(.ARM.Collect$$_printf_percent$$00000017)
    __rt_lib_init                            0x0800029d   Thumb Code     0  libinit.o(.ARM.Collect$$libinit$$00000000)
    __rt_lib_init_fp_1                       0x0800029f   Thumb Code     0  libinit2.o(.ARM.Collect$$libinit$$00000001)
    __rt_lib_init_heap_1                     0x080002a3   Thumb Code     0  libinit2.o(.ARM.Collect$$libinit$$0000000C)
    __rt_lib_init_lc_common                  0x080002a3   Thumb Code     0  libinit2.o(.ARM.Collect$$libinit$$00000011)
    __rt_lib_init_preinit_1                  0x080002a3   Thumb Code     0  libinit2.o(.ARM.Collect$$libinit$$00000006)
    __rt_lib_init_rand_1                     0x080002a3   Thumb Code     0  libinit2.o(.ARM.Collect$$libinit$$00000010)
    __rt_lib_init_relocate_pie_1             0x080002a3   Thumb Code     0  libinit2.o(.ARM.Collect$$libinit$$00000004)
    __rt_lib_init_user_alloc_1               0x080002a3   Thumb Code     0  libinit2.o(.ARM.Collect$$libinit$$0000000E)
    __rt_lib_init_lc_collate_1               0x080002a9   Thumb Code     0  libinit2.o(.ARM.Collect$$libinit$$00000013)
    __rt_lib_init_lc_ctype_2                 0x080002a9   Thumb Code     0  libinit2.o(.ARM.Collect$$libinit$$00000014)
    __rt_lib_init_lc_ctype_1                 0x080002b5   Thumb Code     0  libinit2.o(.ARM.Collect$$libinit$$00000015)
    __rt_lib_init_lc_monetary_1              0x080002b5   Thumb Code     0  libinit2.o(.ARM.Collect$$libinit$$00000017)
    __rt_lib_init_lc_numeric_2               0x080002b5   Thumb Code     0  libinit2.o(.ARM.Collect$$libinit$$00000018)
    __rt_lib_init_alloca_1                   0x080002bf   Thumb Code     0  libinit2.o(.ARM.Collect$$libinit$$00000030)
    __rt_lib_init_argv_1                     0x080002bf   Thumb Code     0  libinit2.o(.ARM.Collect$$libinit$$0000002E)
    __rt_lib_init_atexit_1                   0x080002bf   Thumb Code     0  libinit2.o(.ARM.Collect$$libinit$$0000001D)
    __rt_lib_init_clock_1                    0x080002bf   Thumb Code     0  libinit2.o(.ARM.Collect$$libinit$$00000023)
    __rt_lib_init_cpp_1                      0x080002bf   Thumb Code     0  libinit2.o(.ARM.Collect$$libinit$$00000034)
    __rt_lib_init_exceptions_1               0x080002bf   Thumb Code     0  libinit2.o(.ARM.Collect$$libinit$$00000032)
    __rt_lib_init_fp_trap_1                  0x080002bf   Thumb Code     0  libinit2.o(.ARM.Collect$$libinit$$00000021)
    __rt_lib_init_getenv_1                   0x080002bf   Thumb Code     0  libinit2.o(.ARM.Collect$$libinit$$00000025)
    __rt_lib_init_lc_numeric_1               0x080002bf   Thumb Code     0  libinit2.o(.ARM.Collect$$libinit$$00000019)
    __rt_lib_init_lc_time_1                  0x080002bf   Thumb Code     0  libinit2.o(.ARM.Collect$$libinit$$0000001B)
    __rt_lib_init_return                     0x080002bf   Thumb Code     0  libinit2.o(.ARM.Collect$$libinit$$00000035)
    __rt_lib_init_signal_1                   0x080002bf   Thumb Code     0  libinit2.o(.ARM.Collect$$libinit$$0000001F)
    __rt_lib_init_stdio_1                    0x080002bf   Thumb Code     0  libinit2.o(.ARM.Collect$$libinit$$00000027)
    __rt_lib_shutdown                        0x080002c1   Thumb Code     0  libshutdown.o(.ARM.Collect$$libshutdown$$00000000)
    __rt_lib_shutdown_cpp_1                  0x080002c3   Thumb Code     0  libshutdown2.o(.ARM.Collect$$libshutdown$$00000002)
    __rt_lib_shutdown_fp_trap_1              0x080002c3   Thumb Code     0  libshutdown2.o(.ARM.Collect$$libshutdown$$00000007)
    __rt_lib_shutdown_heap_1                 0x080002c3   Thumb Code     0  libshutdown2.o(.ARM.Collect$$libshutdown$$0000000F)
    __rt_lib_shutdown_return                 0x080002c3   Thumb Code     0  libshutdown2.o(.ARM.Collect$$libshutdown$$00000010)
    __rt_lib_shutdown_signal_1               0x080002c3   Thumb Code     0  libshutdown2.o(.ARM.Collect$$libshutdown$$0000000A)
    __rt_lib_shutdown_stdio_1                0x080002c3   Thumb Code     0  libshutdown2.o(.ARM.Collect$$libshutdown$$00000004)
    __rt_lib_shutdown_user_alloc_1           0x080002c3   Thumb Code     0  libshutdown2.o(.ARM.Collect$$libshutdown$$0000000C)
    __rt_entry                               0x080002c5   Thumb Code     0  __rtentry.o(.ARM.Collect$$rtentry$$00000000)
    __rt_entry_presh_1                       0x080002c5   Thumb Code     0  __rtentry2.o(.ARM.Collect$$rtentry$$00000002)
    __rt_entry_sh                            0x080002c5   Thumb Code     0  __rtentry4.o(.ARM.Collect$$rtentry$$00000004)
    __rt_entry_li                            0x080002cb   Thumb Code     0  __rtentry2.o(.ARM.Collect$$rtentry$$0000000A)
    __rt_entry_postsh_1                      0x080002cb   Thumb Code     0  __rtentry2.o(.ARM.Collect$$rtentry$$00000009)
    __rt_entry_main                          0x080002cf   Thumb Code     0  __rtentry2.o(.ARM.Collect$$rtentry$$0000000D)
    __rt_entry_postli_1                      0x080002cf   Thumb Code     0  __rtentry2.o(.ARM.Collect$$rtentry$$0000000C)
    __rt_exit                                0x080002d7   Thumb Code     0  rtexit.o(.ARM.Collect$$rtexit$$00000000)
    __rt_exit_ls                             0x080002d9   Thumb Code     0  rtexit2.o(.ARM.Collect$$rtexit$$00000003)
    __rt_exit_prels_1                        0x080002d9   Thumb Code     0  rtexit2.o(.ARM.Collect$$rtexit$$00000002)
    __rt_exit_exit                           0x080002dd   Thumb Code     0  rtexit2.o(.ARM.Collect$$rtexit$$00000004)
    Reset_Handler                            0x080002e5   Thumb Code     8  startup_stm32f411xe.o(.text)
    NMI_Handler                              0x080002ed   Thumb Code     2  startup_stm32f411xe.o(.text)
    HardFault_Handler                        0x080002ef   Thumb Code     2  startup_stm32f411xe.o(.text)
    MemManage_Handler                        0x080002f1   Thumb Code     2  startup_stm32f411xe.o(.text)
    BusFault_Handler                         0x080002f3   Thumb Code     2  startup_stm32f411xe.o(.text)
    UsageFault_Handler                       0x080002f5   Thumb Code     2  startup_stm32f411xe.o(.text)
    SVC_Handler                              0x080002f7   Thumb Code     2  startup_stm32f411xe.o(.text)
    DebugMon_Handler                         0x080002f9   Thumb Code     2  startup_stm32f411xe.o(.text)
    PendSV_Handler                           0x080002fb   Thumb Code     2  startup_stm32f411xe.o(.text)
    ADC_IRQHandler                           0x080002ff   Thumb Code     0  startup_stm32f411xe.o(.text)
    DMA1_Stream0_IRQHandler                  0x080002ff   Thumb Code     0  startup_stm32f411xe.o(.text)
    DMA1_Stream1_IRQHandler                  0x080002ff   Thumb Code     0  startup_stm32f411xe.o(.text)
    DMA1_Stream2_IRQHandler                  0x080002ff   Thumb Code     0  startup_stm32f411xe.o(.text)
    DMA1_Stream3_IRQHandler                  0x080002ff   Thumb Code     0  startup_stm32f411xe.o(.text)
    DMA1_Stream4_IRQHandler                  0x080002ff   Thumb Code     0  startup_stm32f411xe.o(.text)
    DMA1_Stream5_IRQHandler                  0x080002ff   Thumb Code     0  startup_stm32f411xe.o(.text)
    DMA1_Stream6_IRQHandler                  0x080002ff   Thumb Code     0  startup_stm32f411xe.o(.text)
    DMA1_Stream7_IRQHandler                  0x080002ff   Thumb Code     0  startup_stm32f411xe.o(.text)
    DMA2_Stream0_IRQHandler                  0x080002ff   Thumb Code     0  startup_stm32f411xe.o(.text)
    DMA2_Stream1_IRQHandler                  0x080002ff   Thumb Code     0  startup_stm32f411xe.o(.text)
    DMA2_Stream2_IRQHandler                  0x080002ff   Thumb Code     0  startup_stm32f411xe.o(.text)
    DMA2_Stream3_IRQHandler                  0x080002ff   Thumb Code     0  startup_stm32f411xe.o(.text)
    DMA2_Stream4_IRQHandler                  0x080002ff   Thumb Code     0  startup_stm32f411xe.o(.text)
    DMA2_Stream5_IRQHandler                  0x080002ff   Thumb Code     0  startup_stm32f411xe.o(.text)
    DMA2_Stream6_IRQHandler                  0x080002ff   Thumb Code     0  startup_stm32f411xe.o(.text)
    DMA2_Stream7_IRQHandler                  0x080002ff   Thumb Code     0  startup_stm32f411xe.o(.text)
    EXTI0_IRQHandler                         0x080002ff   Thumb Code     0  startup_stm32f411xe.o(.text)
    EXTI15_10_IRQHandler                     0x080002ff   Thumb Code     0  startup_stm32f411xe.o(.text)
    EXTI1_IRQHandler                         0x080002ff   Thumb Code     0  startup_stm32f411xe.o(.text)
    EXTI2_IRQHandler                         0x080002ff   Thumb Code     0  startup_stm32f411xe.o(.text)
    EXTI3_IRQHandler                         0x080002ff   Thumb Code     0  startup_stm32f411xe.o(.text)
    EXTI4_IRQHandler                         0x080002ff   Thumb Code     0  startup_stm32f411xe.o(.text)
    EXTI9_5_IRQHandler                       0x080002ff   Thumb Code     0  startup_stm32f411xe.o(.text)
    FLASH_IRQHandler                         0x080002ff   Thumb Code     0  startup_stm32f411xe.o(.text)
    FPU_IRQHandler                           0x080002ff   Thumb Code     0  startup_stm32f411xe.o(.text)
    I2C1_ER_IRQHandler                       0x080002ff   Thumb Code     0  startup_stm32f411xe.o(.text)
    I2C1_EV_IRQHandler                       0x080002ff   Thumb Code     0  startup_stm32f411xe.o(.text)
    I2C2_ER_IRQHandler                       0x080002ff   Thumb Code     0  startup_stm32f411xe.o(.text)
    I2C2_EV_IRQHandler                       0x080002ff   Thumb Code     0  startup_stm32f411xe.o(.text)
    I2C3_ER_IRQHandler                       0x080002ff   Thumb Code     0  startup_stm32f411xe.o(.text)
    I2C3_EV_IRQHandler                       0x080002ff   Thumb Code     0  startup_stm32f411xe.o(.text)
    OTG_FS_IRQHandler                        0x080002ff   Thumb Code     0  startup_stm32f411xe.o(.text)
    OTG_FS_WKUP_IRQHandler                   0x080002ff   Thumb Code     0  startup_stm32f411xe.o(.text)
    PVD_IRQHandler                           0x080002ff   Thumb Code     0  startup_stm32f411xe.o(.text)
    RCC_IRQHandler                           0x080002ff   Thumb Code     0  startup_stm32f411xe.o(.text)
    RTC_Alarm_IRQHandler                     0x080002ff   Thumb Code     0  startup_stm32f411xe.o(.text)
    RTC_WKUP_IRQHandler                      0x080002ff   Thumb Code     0  startup_stm32f411xe.o(.text)
    SDIO_IRQHandler                          0x080002ff   Thumb Code     0  startup_stm32f411xe.o(.text)
    SPI1_IRQHandler                          0x080002ff   Thumb Code     0  startup_stm32f411xe.o(.text)
    SPI2_IRQHandler                          0x080002ff   Thumb Code     0  startup_stm32f411xe.o(.text)
    SPI3_IRQHandler                          0x080002ff   Thumb Code     0  startup_stm32f411xe.o(.text)
    SPI4_IRQHandler                          0x080002ff   Thumb Code     0  startup_stm32f411xe.o(.text)
    SPI5_IRQHandler                          0x080002ff   Thumb Code     0  startup_stm32f411xe.o(.text)
    TAMP_STAMP_IRQHandler                    0x080002ff   Thumb Code     0  startup_stm32f411xe.o(.text)
    TIM1_BRK_TIM9_IRQHandler                 0x080002ff   Thumb Code     0  startup_stm32f411xe.o(.text)
    TIM1_CC_IRQHandler                       0x080002ff   Thumb Code     0  startup_stm32f411xe.o(.text)
    TIM1_TRG_COM_TIM11_IRQHandler            0x080002ff   Thumb Code     0  startup_stm32f411xe.o(.text)
    TIM1_UP_TIM10_IRQHandler                 0x080002ff   Thumb Code     0  startup_stm32f411xe.o(.text)
    TIM2_IRQHandler                          0x080002ff   Thumb Code     0  startup_stm32f411xe.o(.text)
    TIM3_IRQHandler                          0x080002ff   Thumb Code     0  startup_stm32f411xe.o(.text)
    TIM5_IRQHandler                          0x080002ff   Thumb Code     0  startup_stm32f411xe.o(.text)
    USART1_IRQHandler                        0x080002ff   Thumb Code     0  startup_stm32f411xe.o(.text)
    USART2_IRQHandler                        0x080002ff   Thumb Code     0  startup_stm32f411xe.o(.text)
    USART6_IRQHandler                        0x080002ff   Thumb Code     0  startup_stm32f411xe.o(.text)
    WWDG_IRQHandler                          0x080002ff   Thumb Code     0  startup_stm32f411xe.o(.text)
    __user_initial_stackheap                 0x08000301   Thumb Code     0  startup_stm32f411xe.o(.text)
    printf                                   0x08000325   Thumb Code    20  printf.o(.text)
    __use_two_region_memory                  0x0800033d   Thumb Code     2  heapauxi.o(.text)
    __rt_heap_escrow$2region                 0x0800033f   Thumb Code     2  heapauxi.o(.text)
    __rt_heap_expand$2region                 0x08000341   Thumb Code     2  heapauxi.o(.text)
    _printf_pre_padding                      0x08000343   Thumb Code    44  _printf_pad.o(.text)
    _printf_post_padding                     0x0800036f   Thumb Code    34  _printf_pad.o(.text)
    _printf_truncate_signed                  0x08000391   Thumb Code    18  _printf_truncate.o(.text)
    _printf_truncate_unsigned                0x080003a3   Thumb Code    18  _printf_truncate.o(.text)
    _printf_str                              0x080003b5   Thumb Code    82  _printf_str.o(.text)
    _printf_int_dec                          0x08000409   Thumb Code   104  _printf_dec.o(.text)
    _printf_charcount                        0x08000481   Thumb Code    40  _printf_charcount.o(.text)
    _printf_char_file                        0x080004a9   Thumb Code    32  _printf_char_file.o(.text)
    _printf_wctomb                           0x080004cd   Thumb Code   182  _printf_wctomb.o(.text)
    _printf_longlong_dec                     0x08000589   Thumb Code   108  _printf_longlong_dec.o(.text)
    _printf_longlong_oct                     0x08000605   Thumb Code    68  _printf_oct_int_ll.o(.text)
    _printf_int_oct                          0x08000649   Thumb Code    24  _printf_oct_int_ll.o(.text)
    _printf_ll_oct                           0x08000661   Thumb Code    12  _printf_oct_int_ll.o(.text)
    _printf_longlong_hex                     0x08000675   Thumb Code    86  _printf_hex_int_ll_ptr.o(.text)
    _printf_int_hex                          0x080006cb   Thumb Code    28  _printf_hex_int_ll_ptr.o(.text)
    _printf_ll_hex                           0x080006e7   Thumb Code    12  _printf_hex_int_ll_ptr.o(.text)
    _printf_hex_ptr                          0x080006f3   Thumb Code    18  _printf_hex_int_ll_ptr.o(.text)
    __printf                                 0x08000709   Thumb Code   388  __printf_flags_ss_wp.o(.text)
    _ll_udiv10                               0x08000891   Thumb Code   138  lludiv10.o(.text)
    _printf_int_common                       0x0800091b   Thumb Code   178  _printf_intcommon.o(.text)
    _printf_fp_dec_real                      0x08000b7d   Thumb Code   620  _printf_fp_dec.o(.text)
    _printf_fp_hex_real                      0x08000de9   Thumb Code   756  _printf_fp_hex.o(.text)
    _printf_char_common                      0x080010ef   Thumb Code    32  _printf_char_common.o(.text)
    _printf_cs_common                        0x08001115   Thumb Code    20  _printf_char.o(.text)
    _printf_char                             0x08001129   Thumb Code    16  _printf_char.o(.text)
    _printf_string                           0x08001139   Thumb Code     8  _printf_char.o(.text)
    _printf_lcs_common                       0x08001141   Thumb Code    20  _printf_wchar.o(.text)
    _printf_wchar                            0x08001155   Thumb Code    16  _printf_wchar.o(.text)
    _printf_wstring                          0x08001165   Thumb Code     8  _printf_wchar.o(.text)
    ferror                                   0x0800116d   Thumb Code     8  ferror.o(.text)
    _c16rtomb                                0x08001175   Thumb Code    72  _c16rtomb.o(.text)
    _wcrtomb                                 0x08001175   Thumb Code     0  _c16rtomb.o(.text)
    __user_setup_stackheap                   0x080011bd   Thumb Code    74  sys_stackheap_outer.o(.text)
    __rt_ctype_table                         0x08001209   Thumb Code    16  rt_ctype_table.o(.text)
    __rt_locale                              0x08001219   Thumb Code     8  rt_locale_intlibspace.o(.text)
    _printf_fp_infnan                        0x08001221   Thumb Code   112  _printf_fp_infnan.o(.text)
    _btod_etento                             0x080012a1   Thumb Code   224  bigflt0.o(.text)
    exit                                     0x08001385   Thumb Code    18  exit.o(.text)
    __user_libspace                          0x08001399   Thumb Code     8  libspace.o(.text)
    __user_perproc_libspace                  0x08001399   Thumb Code     0  libspace.o(.text)
    __user_perthread_libspace                0x08001399   Thumb Code     0  libspace.o(.text)
    strcmp                                   0x080013a1   Thumb Code   124  strcmpv7em.o(.text)
    _sys_exit                                0x0800141d   Thumb Code     8  sys_exit.o(.text)
    __I$use$semihosting                      0x08001429   Thumb Code     0  use_no_semi.o(.text)
    __use_no_semihosting_swi                 0x08001429   Thumb Code     2  use_no_semi.o(.text)
    __semihosting_library_function           0x0800142b   Thumb Code     0  indicate_semi.o(.text)
    GPIO_init                                0x0800142d   Thumb Code   154  ecgpio.o(.text.GPIO_init)
    GPIO_mode                                0x080014c9   Thumb Code    48  ecgpio.o(.text.GPIO_mode)
    GPIO_ospeed                              0x080014f9   Thumb Code    48  ecgpio.o(.text.GPIO_ospeed)
    ICAP_counter_us                          0x08001529   Thumb Code    58  ecicap.o(.text.ICAP_counter_us)
    ICAP_init                                0x08001565   Thumb Code   448  ecicap.o(.text.ICAP_init)
    ICAP_pinmap                              0x08001725   Thumb Code   538  ecicap.o(.text.ICAP_pinmap)
    ICAP_setup                               0x08001941   Thumb Code   458  ecicap.o(.text.ICAP_setup)
    PWM_init                                 0x08001b0d   Thumb Code   514  ecpwm.o(.text.PWM_init)
    PWM_period_ms                            0x08001d11   Thumb Code    46  ecpwm.o(.text.PWM_period_ms)
    PWM_pinmap                               0x08001d41   Thumb Code   538  ecpwm.o(.text.PWM_pinmap)
    PWM_pulsewidth_us                        0x08001f5d   Thumb Code   212  ecpwm.o(.text.PWM_pulsewidth_us)
    RCC_GPIOA_enable                         0x08002031   Thumb Code    18  ecrcc.o(.text.RCC_GPIOA_enable)
    RCC_GPIOB_enable                         0x08002045   Thumb Code    18  ecrcc.o(.text.RCC_GPIOB_enable)
    RCC_GPIOC_enable                         0x08002059   Thumb Code    18  ecrcc.o(.text.RCC_GPIOC_enable)
    RCC_GPIOD_enable                         0x0800206d   Thumb Code    18  ecrcc.o(.text.RCC_GPIOD_enable)
    RCC_GPIOE_enable                         0x08002081   Thumb Code    18  ecrcc.o(.text.RCC_GPIOE_enable)
    RCC_GPIOH_enable                         0x08002095   Thumb Code    18  ecrcc.o(.text.RCC_GPIOH_enable)
    RCC_PLL_init                             0x080020a9   Thumb Code   276  ecrcc.o(.text.RCC_PLL_init)
    SysTick_Handler                          0x080021bd   Thumb Code     8  ecsystick.o(.text.SysTick_Handler)
    SysTick_counter                          0x080021c5   Thumb Code    16  ecsystick.o(.text.SysTick_counter)
    SysTick_init                             0x080021d5   Thumb Code    90  ecsystick.o(.text.SysTick_init)
    SystemInit                               0x08002231   Thumb Code    18  system_stm32f4xx.o(.text.SystemInit)
    TIM4_IRQHandler                          0x08002249   Thumb Code   296  lab_timer_inputcaputre_ultrasonic.o(.text.TIM4_IRQHandler)
    TIM_UI_enable                            0x08002371   Thumb Code    18  ectim.o(.text.TIM_UI_enable)
    TIM_UI_init                              0x08002385   Thumb Code   230  ectim.o(.text.TIM_UI_init)
    TIM_init                                 0x0800246d   Thumb Code   282  ectim.o(.text.TIM_init)
    TIM_period_ms                            0x08002589   Thumb Code   232  ectim.o(.text.TIM_period_ms)
    UART2_init                               0x08002671   Thumb Code   428  ecuart_simple.o(.text.UART2_init)
    USART_delay                              0x0800281d   Thumb Code    50  ecuart_simple.o(.text.USART_delay)
    USART_write                              0x08002851   Thumb Code   100  ecuart_simple.o(.text.USART_write)
    clear_CCIF                               0x08002a11   Thumb Code    26  ecicap.o(.text.clear_CCIF)
    clear_UIF                                0x08002a2d   Thumb Code    18  ectim.o(.text.clear_UIF)
    delay_ms                                 0x08002a41   Thumb Code    58  ecsystick.o(.text.delay_ms)
    ecPinmap                                 0x08002a7d   Thumb Code   164  ecpinnames.o(.text.ecPinmap)
    fputc                                    0x08002b21   Thumb Code    38  ecuart_simple.o(.text.fputc)
    is_CCIF                                  0x08002b49   Thumb Code    22  ecicap.o(.text.is_CCIF)
    is_UIF                                   0x08002b61   Thumb Code    16  ectim.o(.text.is_UIF)
    main                                     0x08002b71   Thumb Code   176  lab_timer_inputcaputre_ultrasonic.o(.text.main)
    setup                                    0x08002c21   Thumb Code    84  lab_timer_inputcaputre_ultrasonic.o(.text.setup)
    _btod_d2e                                0x08002c75   Thumb Code    62  btod.o(CL$$btod_d2e)
    _d2e_denorm_low                          0x08002cb3   Thumb Code    70  btod.o(CL$$btod_d2e_denorm_low)
    _d2e_norm_op1                            0x08002cf9   Thumb Code    96  btod.o(CL$$btod_d2e_norm_op1)
    __btod_div_common                        0x08002d59   Thumb Code   696  btod.o(CL$$btod_div_common)
    _e2e                                     0x08003091   Thumb Code   220  btod.o(CL$$btod_e2e)
    _btod_ediv                               0x0800316d   Thumb Code    42  btod.o(CL$$btod_ediv)
    _btod_emul                               0x08003197   Thumb Code    42  btod.o(CL$$btod_emul)
    __btod_mult_common                       0x080031c1   Thumb Code   580  btod.o(CL$$btod_mult_common)
    __ARM_fpclassify                         0x08003405   Thumb Code    48  fpclassify.o(i.__ARM_fpclassify)
    __hardfp_round                           0x08003439   Thumb Code   194  round.o(i.__hardfp_round)
    _is_digit                                0x08003519   Thumb Code    14  __printf_wp.o(i._is_digit)
    _get_lc_numeric                          0x08003529   Thumb Code    44  lc_numeric_c.o(locale$$code)
    _get_lc_ctype                            0x08003555   Thumb Code    44  lc_ctype_c.o(locale$$code)
    __aeabi_d2f                              0x08003581   Thumb Code     0  d2f.o(x$fpl$d2f)
    _d2f                                     0x08003581   Thumb Code    98  d2f.o(x$fpl$d2f)
    __aeabi_dadd                             0x080035e5   Thumb Code     0  daddsub_clz.o(x$fpl$dadd)
    _dadd                                    0x080035e5   Thumb Code   332  daddsub_clz.o(x$fpl$dadd)
    __fpl_dcmp_Inf                           0x08003735   Thumb Code    24  dcmpi.o(x$fpl$dcmpinf)
    __aeabi_ddiv                             0x0800374d   Thumb Code     0  ddiv.o(x$fpl$ddiv)
    _ddiv                                    0x0800374d   Thumb Code   556  ddiv.o(x$fpl$ddiv)
    __aeabi_d2uiz                            0x08003a01   Thumb Code     0  dfixu.o(x$fpl$dfixu)
    _dfixu                                   0x08003a01   Thumb Code    90  dfixu.o(x$fpl$dfixu)
    __aeabi_cdcmple                          0x08003a5d   Thumb Code     0  dleqf.o(x$fpl$dleqf)
    _dcmple                                  0x08003a5d   Thumb Code   120  dleqf.o(x$fpl$dleqf)
    __fpl_dcmple_InfNaN                      0x08003abf   Thumb Code     0  dleqf.o(x$fpl$dleqf)
    __aeabi_dmul                             0x08003ad5   Thumb Code     0  dmul.o(x$fpl$dmul)
    _dmul                                    0x08003ad5   Thumb Code   332  dmul.o(x$fpl$dmul)
    __fpl_dnaninf                            0x08003c29   Thumb Code   156  dnaninf.o(x$fpl$dnaninf)
    __fpl_dretinf                            0x08003cc5   Thumb Code    12  dretinf.o(x$fpl$dretinf)
    __aeabi_cdrcmple                         0x08003cd1   Thumb Code     0  drleqf.o(x$fpl$drleqf)
    _drcmple                                 0x08003cd1   Thumb Code   108  drleqf.o(x$fpl$drleqf)
    _drnd                                    0x08003d3d   Thumb Code   180  drnd.o(x$fpl$drnd)
    __aeabi_dsub                             0x08003df1   Thumb Code     0  daddsub_clz.o(x$fpl$dsub)
    _dsub                                    0x08003df1   Thumb Code   472  daddsub_clz.o(x$fpl$dsub)
    __aeabi_f2d                              0x08003fcd   Thumb Code     0  f2d.o(x$fpl$f2d)
    _f2d                                     0x08003fcd   Thumb Code    86  f2d.o(x$fpl$f2d)
    __fpl_fnaninf                            0x08004023   Thumb Code   140  fnaninf.o(x$fpl$fnaninf)
    _fp_init                                 0x080040af   Thumb Code    26  fpinit.o(x$fpl$fpinit)
    __fplib_config_fpu_vfp                   0x080040c7   Thumb Code     0  fpinit.o(x$fpl$fpinit)
    __fplib_config_pureend_doubles           0x080040c7   Thumb Code     0  fpinit.o(x$fpl$fpinit)
    __fpl_fretinf                            0x080040c9   Thumb Code    10  fretinf.o(x$fpl$fretinf)
    _printf_fp_dec                           0x080040d3   Thumb Code     4  printf1.o(x$fpl$printf1)
    _printf_fp_hex                           0x080040d7   Thumb Code     4  printf2.o(x$fpl$printf2)
    __I$use$fp                               0x080040da   Number         0  usenofp.o(x$fpl$usenofp)
    Region$$Table$$Base                      0x080041e0   Number         0  anon$$obj.o(Region$$Table)
    Region$$Table$$Limit                     0x08004200   Number         0  anon$$obj.o(Region$$Table)
    __ctype                                  0x08004229   Data           0  lc_ctype_c.o(locale$$data)
    EC_SYSCLK                                0x20000000   Data           4  ecrcc.o(.data.EC_SYSCLK)
    __libspace_start                         0x20000008   Data          96  libspace.o(.bss)
    __stdout                                 0x20000068   Data           4  ecuart_simple.o(.bss.__stdout)
    __temporary_stack_top$libspace           0x20000068   Data           0  libspace.o(.bss)
    distance                                 0x2000006c   Data           4  lab_timer_inputcaputre_ultrasonic.o(.bss.distance)
    msTicks                                  0x20000070   Data           4  ecsystick.o(.bss.msTicks)
    ovf_cnt                                  0x20000074   Data           4  lab_timer_inputcaputre_ultrasonic.o(.bss.ovf_cnt)
    time1                                    0x20000078   Data           4  lab_timer_inputcaputre_ultrasonic.o(.bss.time1)
    time2                                    0x2000007c   Data           4  lab_timer_inputcaputre_ultrasonic.o(.bss.time2)
    timeInterval                             0x20000080   Data           4  lab_timer_inputcaputre_ultrasonic.o(.bss.timeInterval)



==============================================================================

Memory Map of the image

  Image Entry point : 0x08000199

  Load Region LR_IROM1 (Base: 0x08000000, Size: 0x00004338, Max: 0x00080000, ABSOLUTE)

    Execution Region ER_IROM1 (Exec base: 0x08000000, Load base: 0x08000000, Size: 0x0000432c, Max: 0x00080000, ABSOLUTE)

    Exec Addr    Load Addr    Size         Type   Attr      Idx    E Section Name        Object

    0x08000000   0x08000000   0x00000198   Data   RO          228    RESET               startup_stm32f411xe.o
    0x08000198   0x08000198   0x00000008   Code   RO          255  * !!!main             c_w.l(__main.o)
    0x080001a0   0x080001a0   0x00000034   Code   RO          636    !!!scatter          c_w.l(__scatter.o)
    0x080001d4   0x080001d4   0x0000001a   Code   RO          638    !!handler_copy      c_w.l(__scatter_copy.o)
    0x080001ee   0x080001ee   0x00000002   PAD
    0x080001f0   0x080001f0   0x0000001c   Code   RO          640    !!handler_zi        c_w.l(__scatter_zi.o)
    0x0800020c   0x0800020c   0x00000000   Code   RO          355    .ARM.Collect$$_printf_percent$$00000000  c_w.l(_printf_percent.o)
    0x0800020c   0x0800020c   0x00000006   Code   RO          344    .ARM.Collect$$_printf_percent$$00000001  c_w.l(_printf_n.o)
    0x08000212   0x08000212   0x00000006   Code   RO          346    .ARM.Collect$$_printf_percent$$00000002  c_w.l(_printf_p.o)
    0x08000218   0x08000218   0x00000006   Code   RO          351    .ARM.Collect$$_printf_percent$$00000003  c_w.l(_printf_f.o)
    0x0800021e   0x0800021e   0x00000006   Code   RO          352    .ARM.Collect$$_printf_percent$$00000004  c_w.l(_printf_e.o)
    0x08000224   0x08000224   0x00000006   Code   RO          353    .ARM.Collect$$_printf_percent$$00000005  c_w.l(_printf_g.o)
    0x0800022a   0x0800022a   0x00000006   Code   RO          354    .ARM.Collect$$_printf_percent$$00000006  c_w.l(_printf_a.o)
    0x08000230   0x08000230   0x0000000a   Code   RO          359    .ARM.Collect$$_printf_percent$$00000007  c_w.l(_printf_ll.o)
    0x0800023a   0x0800023a   0x00000006   Code   RO          348    .ARM.Collect$$_printf_percent$$00000008  c_w.l(_printf_i.o)
    0x08000240   0x08000240   0x00000006   Code   RO          349    .ARM.Collect$$_printf_percent$$00000009  c_w.l(_printf_d.o)
    0x08000246   0x08000246   0x00000006   Code   RO          350    .ARM.Collect$$_printf_percent$$0000000A  c_w.l(_printf_u.o)
    0x0800024c   0x0800024c   0x00000006   Code   RO          347    .ARM.Collect$$_printf_percent$$0000000B  c_w.l(_printf_o.o)
    0x08000252   0x08000252   0x00000006   Code   RO          345    .ARM.Collect$$_printf_percent$$0000000C  c_w.l(_printf_x.o)
    0x08000258   0x08000258   0x00000006   Code   RO          356    .ARM.Collect$$_printf_percent$$0000000D  c_w.l(_printf_lli.o)
    0x0800025e   0x0800025e   0x00000006   Code   RO          357    .ARM.Collect$$_printf_percent$$0000000E  c_w.l(_printf_lld.o)
    0x08000264   0x08000264   0x00000006   Code   RO          358    .ARM.Collect$$_printf_percent$$0000000F  c_w.l(_printf_llu.o)
    0x0800026a   0x0800026a   0x00000006   Code   RO          363    .ARM.Collect$$_printf_percent$$00000010  c_w.l(_printf_llo.o)
    0x08000270   0x08000270   0x00000006   Code   RO          364    .ARM.Collect$$_printf_percent$$00000011  c_w.l(_printf_llx.o)
    0x08000276   0x08000276   0x0000000a   Code   RO          360    .ARM.Collect$$_printf_percent$$00000012  c_w.l(_printf_l.o)
    0x08000280   0x08000280   0x00000006   Code   RO          342    .ARM.Collect$$_printf_percent$$00000013  c_w.l(_printf_c.o)
    0x08000286   0x08000286   0x00000006   Code   RO          343    .ARM.Collect$$_printf_percent$$00000014  c_w.l(_printf_s.o)
    0x0800028c   0x0800028c   0x00000006   Code   RO          361    .ARM.Collect$$_printf_percent$$00000015  c_w.l(_printf_lc.o)
    0x08000292   0x08000292   0x00000006   Code   RO          362    .ARM.Collect$$_printf_percent$$00000016  c_w.l(_printf_ls.o)
    0x08000298   0x08000298   0x00000004   Code   RO          426    .ARM.Collect$$_printf_percent$$00000017  c_w.l(_printf_percent_end.o)
    0x0800029c   0x0800029c   0x00000002   Code   RO          485    .ARM.Collect$$libinit$$00000000  c_w.l(libinit.o)
    0x0800029e   0x0800029e   0x00000004   Code   RO          502    .ARM.Collect$$libinit$$00000001  c_w.l(libinit2.o)
    0x080002a2   0x080002a2   0x00000000   Code   RO          505    .ARM.Collect$$libinit$$00000004  c_w.l(libinit2.o)
    0x080002a2   0x080002a2   0x00000000   Code   RO          507    .ARM.Collect$$libinit$$00000006  c_w.l(libinit2.o)
    0x080002a2   0x080002a2   0x00000000   Code   RO          510    .ARM.Collect$$libinit$$0000000C  c_w.l(libinit2.o)
    0x080002a2   0x080002a2   0x00000000   Code   RO          512    .ARM.Collect$$libinit$$0000000E  c_w.l(libinit2.o)
    0x080002a2   0x080002a2   0x00000000   Code   RO          514    .ARM.Collect$$libinit$$00000010  c_w.l(libinit2.o)
    0x080002a2   0x080002a2   0x00000006   Code   RO          515    .ARM.Collect$$libinit$$00000011  c_w.l(libinit2.o)
    0x080002a8   0x080002a8   0x00000000   Code   RO          517    .ARM.Collect$$libinit$$00000013  c_w.l(libinit2.o)
    0x080002a8   0x080002a8   0x0000000c   Code   RO          518    .ARM.Collect$$libinit$$00000014  c_w.l(libinit2.o)
    0x080002b4   0x080002b4   0x00000000   Code   RO          519    .ARM.Collect$$libinit$$00000015  c_w.l(libinit2.o)
    0x080002b4   0x080002b4   0x00000000   Code   RO          521    .ARM.Collect$$libinit$$00000017  c_w.l(libinit2.o)
    0x080002b4   0x080002b4   0x0000000a   Code   RO          522    .ARM.Collect$$libinit$$00000018  c_w.l(libinit2.o)
    0x080002be   0x080002be   0x00000000   Code   RO          523    .ARM.Collect$$libinit$$00000019  c_w.l(libinit2.o)
    0x080002be   0x080002be   0x00000000   Code   RO          525    .ARM.Collect$$libinit$$0000001B  c_w.l(libinit2.o)
    0x080002be   0x080002be   0x00000000   Code   RO          527    .ARM.Collect$$libinit$$0000001D  c_w.l(libinit2.o)
    0x080002be   0x080002be   0x00000000   Code   RO          529    .ARM.Collect$$libinit$$0000001F  c_w.l(libinit2.o)
    0x080002be   0x080002be   0x00000000   Code   RO          531    .ARM.Collect$$libinit$$00000021  c_w.l(libinit2.o)
    0x080002be   0x080002be   0x00000000   Code   RO          533    .ARM.Collect$$libinit$$00000023  c_w.l(libinit2.o)
    0x080002be   0x080002be   0x00000000   Code   RO          535    .ARM.Collect$$libinit$$00000025  c_w.l(libinit2.o)
    0x080002be   0x080002be   0x00000000   Code   RO          537    .ARM.Collect$$libinit$$00000027  c_w.l(libinit2.o)
    0x080002be   0x080002be   0x00000000   Code   RO          541    .ARM.Collect$$libinit$$0000002E  c_w.l(libinit2.o)
    0x080002be   0x080002be   0x00000000   Code   RO          543    .ARM.Collect$$libinit$$00000030  c_w.l(libinit2.o)
    0x080002be   0x080002be   0x00000000   Code   RO          545    .ARM.Collect$$libinit$$00000032  c_w.l(libinit2.o)
    0x080002be   0x080002be   0x00000000   Code   RO          547    .ARM.Collect$$libinit$$00000034  c_w.l(libinit2.o)
    0x080002be   0x080002be   0x00000002   Code   RO          548    .ARM.Collect$$libinit$$00000035  c_w.l(libinit2.o)
    0x080002c0   0x080002c0   0x00000002   Code   RO          572    .ARM.Collect$$libshutdown$$00000000  c_w.l(libshutdown.o)
    0x080002c2   0x080002c2   0x00000000   Code   RO          587    .ARM.Collect$$libshutdown$$00000002  c_w.l(libshutdown2.o)
    0x080002c2   0x080002c2   0x00000000   Code   RO          589    .ARM.Collect$$libshutdown$$00000004  c_w.l(libshutdown2.o)
    0x080002c2   0x080002c2   0x00000000   Code   RO          592    .ARM.Collect$$libshutdown$$00000007  c_w.l(libshutdown2.o)
    0x080002c2   0x080002c2   0x00000000   Code   RO          595    .ARM.Collect$$libshutdown$$0000000A  c_w.l(libshutdown2.o)
    0x080002c2   0x080002c2   0x00000000   Code   RO          597    .ARM.Collect$$libshutdown$$0000000C  c_w.l(libshutdown2.o)
    0x080002c2   0x080002c2   0x00000000   Code   RO          600    .ARM.Collect$$libshutdown$$0000000F  c_w.l(libshutdown2.o)
    0x080002c2   0x080002c2   0x00000002   Code   RO          601    .ARM.Collect$$libshutdown$$00000010  c_w.l(libshutdown2.o)
    0x080002c4   0x080002c4   0x00000000   Code   RO          275    .ARM.Collect$$rtentry$$00000000  c_w.l(__rtentry.o)
    0x080002c4   0x080002c4   0x00000000   Code   RO          395    .ARM.Collect$$rtentry$$00000002  c_w.l(__rtentry2.o)
    0x080002c4   0x080002c4   0x00000006   Code   RO          407    .ARM.Collect$$rtentry$$00000004  c_w.l(__rtentry4.o)
    0x080002ca   0x080002ca   0x00000000   Code   RO          397    .ARM.Collect$$rtentry$$00000009  c_w.l(__rtentry2.o)
    0x080002ca   0x080002ca   0x00000004   Code   RO          398    .ARM.Collect$$rtentry$$0000000A  c_w.l(__rtentry2.o)
    0x080002ce   0x080002ce   0x00000000   Code   RO          400    .ARM.Collect$$rtentry$$0000000C  c_w.l(__rtentry2.o)
    0x080002ce   0x080002ce   0x00000008   Code   RO          401    .ARM.Collect$$rtentry$$0000000D  c_w.l(__rtentry2.o)
    0x080002d6   0x080002d6   0x00000002   Code   RO          493    .ARM.Collect$$rtexit$$00000000  c_w.l(rtexit.o)
    0x080002d8   0x080002d8   0x00000000   Code   RO          550    .ARM.Collect$$rtexit$$00000002  c_w.l(rtexit2.o)
    0x080002d8   0x080002d8   0x00000004   Code   RO          551    .ARM.Collect$$rtexit$$00000003  c_w.l(rtexit2.o)
    0x080002dc   0x080002dc   0x00000006   Code   RO          552    .ARM.Collect$$rtexit$$00000004  c_w.l(rtexit2.o)
    0x080002e2   0x080002e2   0x00000002   PAD
    0x080002e4   0x080002e4   0x00000040   Code   RO          229    .text               startup_stm32f411xe.o
    0x08000324   0x08000324   0x00000018   Code   RO          251    .text               c_w.l(printf.o)
    0x0800033c   0x0800033c   0x00000006   Code   RO          253    .text               c_w.l(heapauxi.o)
    0x08000342   0x08000342   0x0000004e   Code   RO          278    .text               c_w.l(_printf_pad.o)
    0x08000390   0x08000390   0x00000024   Code   RO          280    .text               c_w.l(_printf_truncate.o)
    0x080003b4   0x080003b4   0x00000052   Code   RO          282    .text               c_w.l(_printf_str.o)
    0x08000406   0x08000406   0x00000002   PAD
    0x08000408   0x08000408   0x00000078   Code   RO          284    .text               c_w.l(_printf_dec.o)
    0x08000480   0x08000480   0x00000028   Code   RO          286    .text               c_w.l(_printf_charcount.o)
    0x080004a8   0x080004a8   0x00000024   Code   RO          288    .text               c_w.l(_printf_char_file.o)
    0x080004cc   0x080004cc   0x000000bc   Code   RO          290    .text               c_w.l(_printf_wctomb.o)
    0x08000588   0x08000588   0x0000007c   Code   RO          293    .text               c_w.l(_printf_longlong_dec.o)
    0x08000604   0x08000604   0x00000070   Code   RO          299    .text               c_w.l(_printf_oct_int_ll.o)
    0x08000674   0x08000674   0x00000094   Code   RO          319    .text               c_w.l(_printf_hex_int_ll_ptr.o)
    0x08000708   0x08000708   0x00000188   Code   RO          339    .text               c_w.l(__printf_flags_ss_wp.o)
    0x08000890   0x08000890   0x0000008a   Code   RO          409    .text               c_w.l(lludiv10.o)
    0x0800091a   0x0800091a   0x000000b2   Code   RO          411    .text               c_w.l(_printf_intcommon.o)
    0x080009cc   0x080009cc   0x0000041c   Code   RO          413    .text               c_w.l(_printf_fp_dec.o)
    0x08000de8   0x08000de8   0x000002fc   Code   RO          417    .text               c_w.l(_printf_fp_hex.o)
    0x080010e4   0x080010e4   0x00000030   Code   RO          420    .text               c_w.l(_printf_char_common.o)
    0x08001114   0x08001114   0x0000002c   Code   RO          422    .text               c_w.l(_printf_char.o)
    0x08001140   0x08001140   0x0000002c   Code   RO          424    .text               c_w.l(_printf_wchar.o)
    0x0800116c   0x0800116c   0x00000008   Code   RO          427    .text               c_w.l(ferror.o)
    0x08001174   0x08001174   0x00000048   Code   RO          431    .text               c_w.l(_c16rtomb.o)
    0x080011bc   0x080011bc   0x0000004a   Code   RO          435    .text               c_w.l(sys_stackheap_outer.o)
    0x08001206   0x08001206   0x00000002   PAD
    0x08001208   0x08001208   0x00000010   Code   RO          437    .text               c_w.l(rt_ctype_table.o)
    0x08001218   0x08001218   0x00000008   Code   RO          442    .text               c_w.l(rt_locale_intlibspace.o)
    0x08001220   0x08001220   0x00000080   Code   RO          444    .text               c_w.l(_printf_fp_infnan.o)
    0x080012a0   0x080012a0   0x000000e4   Code   RO          448    .text               c_w.l(bigflt0.o)
    0x08001384   0x08001384   0x00000012   Code   RO          478    .text               c_w.l(exit.o)
    0x08001396   0x08001396   0x00000002   PAD
    0x08001398   0x08001398   0x00000008   Code   RO          490    .text               c_w.l(libspace.o)
    0x080013a0   0x080013a0   0x0000007c   Code   RO          500    .text               c_w.l(strcmpv7em.o)
    0x0800141c   0x0800141c   0x0000000c   Code   RO          562    .text               c_w.l(sys_exit.o)
    0x08001428   0x08001428   0x00000002   Code   RO          577    .text               c_w.l(use_no_semi.o)
    0x0800142a   0x0800142a   0x00000000   Code   RO          579    .text               c_w.l(indicate_semi.o)
    0x0800142a   0x0800142a   0x00000002   PAD
    0x0800142c   0x0800142c   0x0000009a   Code   RO           22    .text.GPIO_init     ecgpio.o
    0x080014c6   0x080014c6   0x00000002   PAD
    0x080014c8   0x080014c8   0x00000030   Code   RO           24    .text.GPIO_mode     ecgpio.o
    0x080014f8   0x080014f8   0x00000030   Code   RO           26    .text.GPIO_ospeed   ecgpio.o
    0x08001528   0x08001528   0x0000003a   Code   RO          130    .text.ICAP_counter_us  ecicap.o
    0x08001562   0x08001562   0x00000002   PAD
    0x08001564   0x08001564   0x000001c0   Code   RO          124    .text.ICAP_init     ecicap.o
    0x08001724   0x08001724   0x0000021a   Code   RO          126    .text.ICAP_pinmap   ecicap.o
    0x0800193e   0x0800193e   0x00000002   PAD
    0x08001940   0x08001940   0x000001ca   Code   RO          128    .text.ICAP_setup    ecicap.o
    0x08001b0a   0x08001b0a   0x00000002   PAD
    0x08001b0c   0x08001b0c   0x00000202   Code   RO          174    .text.PWM_init      ecpwm.o
    0x08001d0e   0x08001d0e   0x00000002   PAD
    0x08001d10   0x08001d10   0x0000002e   Code   RO          178    .text.PWM_period_ms  ecpwm.o
    0x08001d3e   0x08001d3e   0x00000002   PAD
    0x08001d40   0x08001d40   0x0000021a   Code   RO          176    .text.PWM_pinmap    ecpwm.o
    0x08001f5a   0x08001f5a   0x00000002   PAD
    0x08001f5c   0x08001f5c   0x000000d4   Code   RO          188    .text.PWM_pulsewidth_us  ecpwm.o
    0x08002030   0x08002030   0x00000012   Code   RO           56    .text.RCC_GPIOA_enable  ecrcc.o
    0x08002042   0x08002042   0x00000002   PAD
    0x08002044   0x08002044   0x00000012   Code   RO           58    .text.RCC_GPIOB_enable  ecrcc.o
    0x08002056   0x08002056   0x00000002   PAD
    0x08002058   0x08002058   0x00000012   Code   RO           60    .text.RCC_GPIOC_enable  ecrcc.o
    0x0800206a   0x0800206a   0x00000002   PAD
    0x0800206c   0x0800206c   0x00000012   Code   RO           62    .text.RCC_GPIOD_enable  ecrcc.o
    0x0800207e   0x0800207e   0x00000002   PAD
    0x08002080   0x08002080   0x00000012   Code   RO           64    .text.RCC_GPIOE_enable  ecrcc.o
    0x08002092   0x08002092   0x00000002   PAD
    0x08002094   0x08002094   0x00000012   Code   RO           66    .text.RCC_GPIOH_enable  ecrcc.o
    0x080020a6   0x080020a6   0x00000002   PAD
    0x080020a8   0x080020a8   0x00000114   Code   RO           54    .text.RCC_PLL_init  ecrcc.o
    0x080021bc   0x080021bc   0x00000008   Code   RO          205    .text.SysTick_Handler  ecsystick.o
    0x080021c4   0x080021c4   0x00000010   Code   RO          207    .text.SysTick_counter  ecsystick.o
    0x080021d4   0x080021d4   0x0000005a   Code   RO          199    .text.SysTick_init  ecsystick.o
    0x0800222e   0x0800222e   0x00000002   PAD
    0x08002230   0x08002230   0x00000012   Code   RO          236    .text.SystemInit    system_stm32f4xx.o
    0x08002242   0x08002242   0x00000006   PAD
    0x08002248   0x08002248   0x00000128   Code   RO            6    .text.TIM4_IRQHandler  lab_timer_inputcaputre_ultrasonic.o
    0x08002370   0x08002370   0x00000012   Code   RO          105    .text.TIM_UI_enable  ectim.o
    0x08002382   0x08002382   0x00000002   PAD
    0x08002384   0x08002384   0x000000e6   Code   RO          103    .text.TIM_UI_init   ectim.o
    0x0800246a   0x0800246a   0x00000002   PAD
    0x0800246c   0x0800246c   0x0000011a   Code   RO           97    .text.TIM_init      ectim.o
    0x08002586   0x08002586   0x00000002   PAD
    0x08002588   0x08002588   0x000000e8   Code   RO           99    .text.TIM_period_ms  ectim.o
    0x08002670   0x08002670   0x000001ac   Code   RO          149    .text.UART2_init    ecuart_simple.o
    0x0800281c   0x0800281c   0x00000032   Code   RO          155    .text.USART_delay   ecuart_simple.o
    0x0800284e   0x0800284e   0x00000002   PAD
    0x08002850   0x08002850   0x00000064   Code   RO          147    .text.USART_write   ecuart_simple.o
    0x080028b4   0x080028b4   0x00000030   Code   RO          107    .text.__NVIC_EnableIRQ  ectim.o
    0x080028e4   0x080028e4   0x00000030   Code   RO          153    .text.__NVIC_EnableIRQ  ecuart_simple.o
    0x08002914   0x08002914   0x00000030   Code   RO          203    .text.__NVIC_EnableIRQ  ecsystick.o
    0x08002944   0x08002944   0x00000042   Code   RO          109    .text.__NVIC_SetPriority  ectim.o
    0x08002986   0x08002986   0x00000002   PAD
    0x08002988   0x08002988   0x00000042   Code   RO          151    .text.__NVIC_SetPriority  ecuart_simple.o
    0x080029ca   0x080029ca   0x00000002   PAD
    0x080029cc   0x080029cc   0x00000042   Code   RO          201    .text.__NVIC_SetPriority  ecsystick.o
    0x08002a0e   0x08002a0e   0x00000002   PAD
    0x08002a10   0x08002a10   0x0000001a   Code   RO          134    .text.clear_CCIF    ecicap.o
    0x08002a2a   0x08002a2a   0x00000002   PAD
    0x08002a2c   0x08002a2c   0x00000012   Code   RO          115    .text.clear_UIF     ectim.o
    0x08002a3e   0x08002a3e   0x00000002   PAD
    0x08002a40   0x08002a40   0x0000003a   Code   RO          209    .text.delay_ms      ecsystick.o
    0x08002a7a   0x08002a7a   0x00000002   PAD
    0x08002a7c   0x08002a7c   0x000000a4   Code   RO          166    .text.ecPinmap      ecpinnames.o
    0x08002b20   0x08002b20   0x00000026   Code   RO          145    .text.fputc         ecuart_simple.o
    0x08002b46   0x08002b46   0x00000002   PAD
    0x08002b48   0x08002b48   0x00000016   Code   RO          132    .text.is_CCIF       ecicap.o
    0x08002b5e   0x08002b5e   0x00000002   PAD
    0x08002b60   0x08002b60   0x00000010   Code   RO          113    .text.is_UIF        ectim.o
    0x08002b70   0x08002b70   0x000000b0   Code   RO            2    .text.main          lab_timer_inputcaputre_ultrasonic.o
    0x08002c20   0x08002c20   0x00000054   Code   RO            4    .text.setup         lab_timer_inputcaputre_ultrasonic.o
    0x08002c74   0x08002c74   0x0000003e   Code   RO          451    CL$$btod_d2e        c_w.l(btod.o)
    0x08002cb2   0x08002cb2   0x00000046   Code   RO          453    CL$$btod_d2e_denorm_low  c_w.l(btod.o)
    0x08002cf8   0x08002cf8   0x00000060   Code   RO          452    CL$$btod_d2e_norm_op1  c_w.l(btod.o)
    0x08002d58   0x08002d58   0x00000338   Code   RO          461    CL$$btod_div_common  c_w.l(btod.o)
    0x08003090   0x08003090   0x000000dc   Code   RO          458    CL$$btod_e2e        c_w.l(btod.o)
    0x0800316c   0x0800316c   0x0000002a   Code   RO          455    CL$$btod_ediv       c_w.l(btod.o)
    0x08003196   0x08003196   0x0000002a   Code   RO          454    CL$$btod_emul       c_w.l(btod.o)
    0x080031c0   0x080031c0   0x00000244   Code   RO          460    CL$$btod_mult_common  c_w.l(btod.o)
    0x08003404   0x08003404   0x00000030   Code   RO          488    i.__ARM_fpclassify  m_wm.l(fpclassify.o)
    0x08003434   0x08003434   0x00000004   PAD
    0x08003438   0x08003438   0x000000e0   Code   RO          271    i.__hardfp_round    m_wm.l(round.o)
    0x08003518   0x08003518   0x0000000e   Code   RO          332    i._is_digit         c_w.l(__printf_wp.o)
    0x08003526   0x08003526   0x00000002   PAD
    0x08003528   0x08003528   0x0000002c   Code   RO          476    locale$$code        c_w.l(lc_numeric_c.o)
    0x08003554   0x08003554   0x0000002c   Code   RO          498    locale$$code        c_w.l(lc_ctype_c.o)
    0x08003580   0x08003580   0x00000062   Code   RO          257    x$fpl$d2f           fz_wm.l(d2f.o)
    0x080035e2   0x080035e2   0x00000002   PAD
    0x080035e4   0x080035e4   0x00000150   Code   RO          365    x$fpl$dadd          fz_wm.l(daddsub_clz.o)
    0x08003734   0x08003734   0x00000018   Code   RO          433    x$fpl$dcmpinf       fz_wm.l(dcmpi.o)
    0x0800374c   0x0800374c   0x000002b4   Code   RO          260    x$fpl$ddiv          fz_wm.l(ddiv.o)
    0x08003a00   0x08003a00   0x0000005a   Code   RO          263    x$fpl$dfixu         fz_wm.l(dfixu.o)
    0x08003a5a   0x08003a5a   0x00000002   PAD
    0x08003a5c   0x08003a5c   0x00000078   Code   RO          371    x$fpl$dleqf         fz_wm.l(dleqf.o)
    0x08003ad4   0x08003ad4   0x00000154   Code   RO          267    x$fpl$dmul          fz_wm.l(dmul.o)
    0x08003c28   0x08003c28   0x0000009c   Code   RO          373    x$fpl$dnaninf       fz_wm.l(dnaninf.o)
    0x08003cc4   0x08003cc4   0x0000000c   Code   RO          375    x$fpl$dretinf       fz_wm.l(dretinf.o)
    0x08003cd0   0x08003cd0   0x0000006c   Code   RO          377    x$fpl$drleqf        fz_wm.l(drleqf.o)
    0x08003d3c   0x08003d3c   0x000000b4   Code   RO          379    x$fpl$drnd          fz_wm.l(drnd.o)
    0x08003df0   0x08003df0   0x000001dc   Code   RO          367    x$fpl$dsub          fz_wm.l(daddsub_clz.o)
    0x08003fcc   0x08003fcc   0x00000056   Code   RO          269    x$fpl$f2d           fz_wm.l(f2d.o)
    0x08004022   0x08004022   0x0000008c   Code   RO          381    x$fpl$fnaninf       fz_wm.l(fnaninf.o)
    0x080040ae   0x080040ae   0x0000001a   Code   RO          560    x$fpl$fpinit        fz_wm.l(fpinit.o)
    0x080040c8   0x080040c8   0x0000000a   Code   RO          383    x$fpl$fretinf       fz_wm.l(fretinf.o)
    0x080040d2   0x080040d2   0x00000004   Code   RO          385    x$fpl$printf1       fz_wm.l(printf1.o)
    0x080040d6   0x080040d6   0x00000004   Code   RO          387    x$fpl$printf2       fz_wm.l(printf2.o)
    0x080040da   0x080040da   0x00000000   Code   RO          393    x$fpl$usenofp       fz_wm.l(usenofp.o)
    0x080040da   0x080040da   0x00000002   PAD
    0x080040dc   0x080040dc   0x00000008   Data   RO          291    .constdata          c_w.l(_printf_wctomb.o)
    0x080040e4   0x080040e4   0x00000028   Data   RO          320    .constdata          c_w.l(_printf_hex_int_ll_ptr.o)
    0x0800410c   0x0800410c   0x00000011   Data   RO          340    .constdata          c_w.l(__printf_flags_ss_wp.o)
    0x0800411d   0x0800411d   0x00000026   Data   RO          418    .constdata          c_w.l(_printf_fp_hex.o)
    0x08004143   0x08004143   0x00000001   PAD
    0x08004144   0x08004144   0x00000094   Data   RO          449    .constdata          c_w.l(bigflt0.o)
    0x080041d8   0x080041d8   0x00000008   Data   RO           13    .rodata.str1.1      lab_timer_inputcaputre_ultrasonic.o
    0x080041e0   0x080041e0   0x00000020   Data   RO          635    Region$$Table       anon$$obj.o
    0x08004200   0x08004200   0x0000001c   Data   RO          475    locale$$data        c_w.l(lc_numeric_c.o)
    0x0800421c   0x0800421c   0x00000110   Data   RO          497    locale$$data        c_w.l(lc_ctype_c.o)


    Execution Region RW_IRAM1 (Exec base: 0x20000000, Load base: 0x08004330, Size: 0x00000688, Max: 0x00020000, ABSOLUTE)

    Exec Addr    Load Addr    Size         Type   Attr      Idx    E Section Name        Object

    0x20000000   0x08004330   0x00000004   Data   RW           68    .data.EC_SYSCLK     ecrcc.o
    0x20000004   0x08004334   0x00000004   PAD
    0x20000008        -       0x00000060   Zero   RW          491    .bss                c_w.l(libspace.o)
    0x20000068        -       0x00000004   Zero   RW          157    .bss.__stdout       ecuart_simple.o
    0x2000006c        -       0x00000004   Zero   RW            9    .bss.distance       lab_timer_inputcaputre_ultrasonic.o
    0x20000070        -       0x00000004   Zero   RW          219    .bss.msTicks        ecsystick.o
    0x20000074        -       0x00000004   Zero   RW            8    .bss.ovf_cnt        lab_timer_inputcaputre_ultrasonic.o
    0x20000078        -       0x00000004   Zero   RW           11    .bss.time1          lab_timer_inputcaputre_ultrasonic.o
    0x2000007c        -       0x00000004   Zero   RW           12    .bss.time2          lab_timer_inputcaputre_ultrasonic.o
    0x20000080        -       0x00000004   Zero   RW           10    .bss.timeInterval   lab_timer_inputcaputre_ultrasonic.o
    0x20000084   0x08004334   0x00000004   PAD
    0x20000088        -       0x00000200   Zero   RW          227    HEAP                startup_stm32f411xe.o
    0x20000288        -       0x00000400   Zero   RW          226    STACK               startup_stm32f411xe.o


==============================================================================

Image component sizes


      Code (inc. data)   RO Data    RW Data    ZI Data      Debug   Object Name

       250          0          0          0          0       2850   ecgpio.o
      1550         32          0          0          0       4576   ecicap.o
       164          0          0          0          0       2098   ecpinnames.o
      1310         32          0          0          0       6063   ecpwm.o
       384          0          0          4          0       2465   ecrcc.o
       286          0          0          0          4       4431   ecsystick.o
       910          0          0          0          0       6461   ectim.o
       730          4          0          0          4       5762   ecuart_simple.o
       556         32          8          0         20       2656   lab_timer_inputcaputre_ultrasonic.o
        64         26        408          0       1536        920   startup_stm32f411xe.o
        18          0          0          0          0       2739   system_stm32f4xx.o

    ----------------------------------------------------------------------
      6280        126        448          4       1572      41021   Object Totals
         0          0         32          0          0          0   (incl. Generated)
        58          0          0          0          8          0   (incl. Padding)

    ----------------------------------------------------------------------

      Code (inc. data)   RO Data    RW Data    ZI Data      Debug   Library Member Name

         8          0          0          0          0         68   __main.o
       392          4         17          0          0         92   __printf_flags_ss_wp.o
        14          0          0          0          0         68   __printf_wp.o
         0          0          0          0          0          0   __rtentry.o
        12          0          0          0          0          0   __rtentry2.o
         6          0          0          0          0          0   __rtentry4.o
        52          8          0          0          0          0   __scatter.o
        26          0          0          0          0          0   __scatter_copy.o
        28          0          0          0          0          0   __scatter_zi.o
        72          0          0          0          0         96   _c16rtomb.o
         6          0          0          0          0          0   _printf_a.o
         6          0          0          0          0          0   _printf_c.o
        44          0          0          0          0        108   _printf_char.o
        48          6          0          0          0         96   _printf_char_common.o
        36          4          0          0          0         80   _printf_char_file.o
        40          0          0          0          0         68   _printf_charcount.o
         6          0          0          0          0          0   _printf_d.o
       120         16          0          0          0         92   _printf_dec.o
         6          0          0          0          0          0   _printf_e.o
         6          0          0          0          0          0   _printf_f.o
      1052          0          0          0          0        148   _printf_fp_dec.o
       764          8         38          0          0        100   _printf_fp_hex.o
       128         16          0          0          0         84   _printf_fp_infnan.o
         6          0          0          0          0          0   _printf_g.o
       148          4         40          0          0        160   _printf_hex_int_ll_ptr.o
         6          0          0          0          0          0   _printf_i.o
       178          0          0          0          0         88   _printf_intcommon.o
        10          0          0          0          0          0   _printf_l.o
         6          0          0          0          0          0   _printf_lc.o
        10          0          0          0          0          0   _printf_ll.o
         6          0          0          0          0          0   _printf_lld.o
         6          0          0          0          0          0   _printf_lli.o
         6          0          0          0          0          0   _printf_llo.o
         6          0          0          0          0          0   _printf_llu.o
         6          0          0          0          0          0   _printf_llx.o
       124         16          0          0          0         92   _printf_longlong_dec.o
         6          0          0          0          0          0   _printf_ls.o
         6          0          0          0          0          0   _printf_n.o
         6          0          0          0          0          0   _printf_o.o
       112          8          0          0          0        124   _printf_oct_int_ll.o
         6          0          0          0          0          0   _printf_p.o
        78          0          0          0          0        108   _printf_pad.o
         0          0          0          0          0          0   _printf_percent.o
         4          0          0          0          0          0   _printf_percent_end.o
         6          0          0          0          0          0   _printf_s.o
        82          0          0          0          0         80   _printf_str.o
        36          0          0          0          0         84   _printf_truncate.o
         6          0          0          0          0          0   _printf_u.o
        44          0          0          0          0        108   _printf_wchar.o
       188          6          8          0          0         92   _printf_wctomb.o
         6          0          0          0          0          0   _printf_x.o
       228          4        148          0          0         96   bigflt0.o
      1936        128          0          0          0        668   btod.o
        18          0          0          0          0         80   exit.o
         8          0          0          0          0         68   ferror.o
         6          0          0          0          0        152   heapauxi.o
         0          0          0          0          0          0   indicate_semi.o
        44         10        272          0          0         76   lc_ctype_c.o
        44         10         28          0          0         76   lc_numeric_c.o
         2          0          0          0          0          0   libinit.o
        34          0          0          0          0          0   libinit2.o
         2          0          0          0          0          0   libshutdown.o
         2          0          0          0          0          0   libshutdown2.o
         8          4          0          0         96         68   libspace.o
       138          0          0          0          0         80   lludiv10.o
        24          4          0          0          0         84   printf.o
        16          4          0          0          0         76   rt_ctype_table.o
         8          4          0          0          0         68   rt_locale_intlibspace.o
         2          0          0          0          0          0   rtexit.o
        10          0          0          0          0          0   rtexit2.o
       124          0          0          0          0         88   strcmpv7em.o
        12          4          0          0          0         68   sys_exit.o
        74          0          0          0          0         80   sys_stackheap_outer.o
         2          0          0          0          0         68   use_no_semi.o
        98          4          0          0          0        140   d2f.o
       812         16          0          0          0        392   daddsub_clz.o
        24          0          0          0          0        116   dcmpi.o
       692        140          0          0          0        264   ddiv.o
        90          4          0          0          0        140   dfixu.o
       120          4          0          0          0        140   dleqf.o
       340         12          0          0          0        152   dmul.o
       156          4          0          0          0        140   dnaninf.o
        12          0          0          0          0        116   dretinf.o
       108          0          0          0          0        128   drleqf.o
       180          4          0          0          0        128   drnd.o
        86          4          0          0          0        132   f2d.o
       140          4          0          0          0        132   fnaninf.o
        26          0          0          0          0        116   fpinit.o
        10          0          0          0          0        116   fretinf.o
         4          0          0          0          0        116   printf1.o
         4          0          0          0          0        116   printf2.o
         0          0          0          0          0          0   usenofp.o
        48          0          0          0          0        124   fpclassify.o
       224         30          0          0          0        172   round.o

    ----------------------------------------------------------------------
      9916        494        552          0         96       6812   Library Totals
        24          0          1          0          0          0   (incl. Padding)

    ----------------------------------------------------------------------

      Code (inc. data)   RO Data    RW Data    ZI Data      Debug   Library Name

      6718        268        551          0         96       3932   c_w.l
      2902        196          0          0          0       2584   fz_wm.l
       272         30          0          0          0        296   m_wm.l

    ----------------------------------------------------------------------
      9916        494        552          0         96       6812   Library Totals

    ----------------------------------------------------------------------

==============================================================================


      Code (inc. data)   RO Data    RW Data    ZI Data      Debug   

     16196        620       1000          4       1668      43773   Grand Totals
     16196        620       1000          4       1668      43773   ELF Image Totals
     16196        620       1000          4          0          0   ROM Totals

==============================================================================

    Total RO  Size (Code + RO Data)                17196 (  16.79kB)
    Total RW  Size (RW Data + ZI Data)              1672 (   1.63kB)
    Total ROM Size (Code + RO Data + RW Data)      17200 (  16.80kB)

==============================================================================

