<html>
<body>
<pre>
<h1>µVision Build Log</h1>
<h2>Tool Versions:</h2>
IDE-Version: •ÏVision V5.38.0.0
Copyright (C) 2022 ARM Ltd and ARM Germany GmbH. All rights reserved.
License Information: jj Zzero1009, k, LIC=----
 
Tool Versions:
Toolchain:       MDK-Lite  Version: 5.38.0.0
Toolchain Path:  C:\Keil_v5\ARM\ARMCLANG\Bin
C Compiler:      ArmClang.exe V6.19
Assembler:       Armasm.exe V6.19
Linker/Locator:  ArmLink.exe V6.19
Library Manager: ArmAr.exe V6.19
Hex Converter:   FromElf.exe V6.19
CPU DLL:         SARMCM3.DLL V5.38.0.0
Dialog DLL:      DCM.DLL V1.17.5.0
Target DLL:      STLink\ST-LINKIII-KEIL_SWO.dll V3.1.0.0
Dialog DLL:      TCM.DLL V1.56.4.0
 
<h2>Project:</h2>
C:\Users\Zzero1009\source\repos\EC\Tutorial\TU_SysTick\TU_ SysTick.uvprojx
Project File Date:  10/10/2023

<h2>Output:</h2>
*** Using Compiler 'V6.19', folder: 'C:\Keil_v5\ARM\ARMCLANG\Bin'
Build target 'Target 1'
../../lib/ecEXTI.c(12): warning: In file included from...
../../lib/ecEXTI.h(35): warning: no newline at end of file [-Wnewline-eof]
#endif
      ^
../../lib/ecEXTI.c(28): warning: implicit conversion changes signedness: 'int' to 'unsigned int' [-Wsign-conversion]
         SYSCFG->EXTICR[Pin >> 2] &= ~(0xF << ((Pin % 4) * 4)); // Clear 4 bits
                                  ~~ ^~~~~~~~~~~~~~~~~~~~~~~~~
../../lib/ecEXTI.c(29): warning: implicit conversion changes signedness: 'int' to 'unsigned int' [-Wsign-conversion]
   SYSCFG->EXTICR[Pin >> 2] |= (EXTICR_port << ((Pin % 4) * 4)); // Set 4 bits
                            ~~  ~~~~~~~~~~~~^~~~~~~~~~~~~~~~~~
../../lib/ecEXTI.c(21): warning: mixing declarations and code is incompatible with standards before C99 [-Wdeclaration-after-statement]
        int EXTICR_port;
            ^
4 warnings generated.
compiling ecEXTI.c...
TU_SysTick.c(8): warning: no previous extern declaration for non-static variable 'msTick' [-Wmissing-variable-declarations]
volatile uint32_t msTick = 0;
                  ^
TU_SysTick.c(8): note: declare 'static' if the variable is not intended to be used outside of this translation unit
volatile uint32_t msTick = 0;
         ^
TU_SysTick.c(10): warning: no previous extern declaration for non-static variable 'msDelay' [-Wmissing-variable-declarations]
volatile uint32_t msDelay=1000;
                  ^
TU_SysTick.c(10): note: declare 'static' if the variable is not intended to be used outside of this translation unit
volatile uint32_t msDelay=1000;
         ^
TU_SysTick.c(58): warning: no previous prototype for function 'SysTick_Handler' [-Wmissing-prototypes]
void SysTick_Handler(void){
     ^
TU_SysTick.c(58): note: declare 'static' if the function is not intended to be used outside of this translation unit
void SysTick_Handler(void){
^
static 
TU_SysTick.c(9): warning: no previous extern declaration for non-static variable 'curTicks' [-Wmissing-variable-declarations]
volatile uint32_t curTicks;
                  ^
TU_SysTick.c(9): note: declare 'static' if the variable is not intended to be used outside of this translation unit
volatile uint32_t curTicks;
         ^
4 warnings generated.
compiling TU_SysTick.c...
compiling ecGPIO.c...
linking...
Program Size: Code=1440 RO-data=440 RW-data=8 ZI-data=1648  
FromELF: creating hex file...
".\Objects\TU_EXTI.axf" - 0 Error(s), 8 Warning(s).

<h2>Software Packages used:</h2>

Package Vendor: ARM
                http://www.keil.com/pack/ARM.CMSIS.5.9.0.pack
                ARM.CMSIS.5.9.0
                CMSIS (Common Microcontroller Software Interface Standard)
   * Component: CORE Version: 5.6.0

Package Vendor: Keil
                https://www.keil.com/pack/Keil.STM32F4xx_DFP.2.17.1.pack
                Keil.STM32F4xx_DFP.2.17.1
                STMicroelectronics STM32F4 Series Device Support, Drivers and Examples
   * Component: Startup Version: 2.6.3

<h2>Collection of Component include folders:</h2>
  ./RTE/_Target_1
  C:/Users/Zzero1009/AppData/Local/Arm/Packs/ARM/CMSIS/5.9.0/CMSIS/Core/Include
  C:/Users/Zzero1009/AppData/Local/Arm/Packs/Keil/STM32F4xx_DFP/2.17.1/Drivers/CMSIS/Device/ST/STM32F4xx/Include

<h2>Collection of Component Files used:</h2>

   * Component: ARM::CMSIS:CORE:5.6.0

   * Component: Keil::Device:Startup:2.6.3
      Source file:   Drivers/CMSIS/Device/ST/STM32F4xx/Source/Templates/system_stm32f4xx.c
      Source file:   MDK/Device/Source/ARM/STM32F4xx_OTP.s
      Source file:   MDK/Device/Source/ARM/STM32F411xx_OPT.s
      Source file:   Drivers/CMSIS/Device/ST/STM32F4xx/Source/Templates/arm/startup_stm32f411xe.s
      Include file:  Drivers/CMSIS/Device/ST/STM32F4xx/Include/stm32f4xx.h
Build Time Elapsed:  00:00:01
</pre>
</body>
</html>
